../Core/Src/main.c:130:10:getCellFaults	24	static
../Core/Src/main.c:150:6:setCellFaults	16	static
../Core/Src/main.c:162:6:clearCellFault	16	static
../Core/Src/main.c:243:5:startupSequence	32	static
../Core/Src/main.c:365:6:checkStatusTransmit	80	static
../Core/Src/main.c:483:5:main	72	static
../Core/Src/main.c:623:6:SystemClock_Config	88	static
../Core/Src/main.c:678:13:MX_ADC1_Init	24	static
../Core/Src/main.c:748:13:MX_CAN1_Init	48	static
../Core/Src/main.c:798:13:MX_USART2_UART_Init	8	static
../Core/Src/main.c:829:13:MX_DMA_Init	16	static
../Core/Src/main.c:847:13:MX_GPIO_Init	48	static
../Core/Src/main.c:934:6:Error_Handler	4	static,ignoring_inline_asm
