../Core/Src/main.c:134:10:getCellFaults	0	static
../Core/Src/main.c:154:6:setCellFaults	0	static
../Core/Src/main.c:166:6:clearCellFault	0	static
../Core/Src/main.c:254:5:startupSequence	40	static
../Core/Src/main.c:376:6:checkStatusTransmit	96	static,ignoring_inline_asm
../Core/Src/main.c:645:6:SystemClock_Config	88	static,ignoring_inline_asm
../Core/Src/main.c:499:5:main	144	static,ignoring_inline_asm
../Core/Src/main.c:846:6:MX_USART2_UART_Init	8	static,ignoring_inline_asm
../Core/Src/main.c:1016:6:Error_Handler	0	static,ignoring_inline_asm
