../Core/Src/main.c:134:6:initCellDefaults	0	static
../Core/Src/main.c:157:10:getCellFaults	0	static
../Core/Src/main.c:177:6:setCellFaults	0	static
../Core/Src/main.c:189:6:clearCellFault	0	static
../Core/Src/main.c:277:5:startupSequence	40	static
../Core/Src/main.c:399:6:checkStatusTransmit	96	static,ignoring_inline_asm
../Core/Src/main.c:679:6:SystemClock_Config	88	static,ignoring_inline_asm
../Core/Src/main.c:526:5:main	488	static,ignoring_inline_asm
../Core/Src/main.c:880:6:MX_USART2_UART_Init	8	static,ignoring_inline_asm
../Core/Src/main.c:1050:6:Error_Handler	0	static,ignoring_inline_asm
