../Core/Src/stm32f4xx_hal_msp.c:65:6:HAL_MspInit	8	static
../Core/Src/stm32f4xx_hal_msp.c:89:6:HAL_ADC_MspInit	48	static
../Core/Src/stm32f4xx_hal_msp.c:143:6:HAL_ADC_MspDeInit	8	static
../Core/Src/stm32f4xx_hal_msp.c:175:6:HAL_CAN_MspInit	40	static
../Core/Src/stm32f4xx_hal_msp.c:214:6:HAL_CAN_MspDeInit	8	static
../Core/Src/stm32f4xx_hal_msp.c:245:6:HAL_CRC_MspInit	8	static
../Core/Src/stm32f4xx_hal_msp.c:267:6:HAL_CRC_MspDeInit	0	static
../Core/Src/stm32f4xx_hal_msp.c:289:6:HAL_UART_MspInit	64	static
../Core/Src/stm32f4xx_hal_msp.c:364:6:HAL_UART_MspDeInit	8	static
