../Drivers/STM32L4xx_HAL_Driver/Src/stm32l4xx_hal_crc.c:438:17:CRC_Handle_8	20	static
../Drivers/STM32L4xx_HAL_Driver/Src/stm32l4xx_hal_crc.c:489:17:CRC_Handle_16	20	static
../Drivers/STM32L4xx_HAL_Driver/Src/stm32l4xx_hal_crc.c:229:13:HAL_CRC_MspInit	0	static
../Drivers/STM32L4xx_HAL_Driver/Src/stm32l4xx_hal_crc.c:103:19:HAL_CRC_Init	8	static
../Drivers/STM32L4xx_HAL_Driver/Src/stm32l4xx_hal_crc.c:244:13:HAL_CRC_MspDeInit	0	static
../Drivers/STM32L4xx_HAL_Driver/Src/stm32l4xx_hal_crc.c:179:19:HAL_CRC_DeInit	16	static
../Drivers/STM32L4xx_HAL_Driver/Src/stm32l4xx_hal_crc.c:293:10:HAL_CRC_Accumulate	16	static
../Drivers/STM32L4xx_HAL_Driver/Src/stm32l4xx_hal_crc.c:345:10:HAL_CRC_Calculate	24	static
../Drivers/STM32L4xx_HAL_Driver/Src/stm32l4xx_hal_crc.c:412:22:HAL_CRC_GetState	0	static
