../Core/Src/main.c:130:10:getCellFaults	1
../Core/Src/main.c:150:6:setCellFaults	9
../Core/Src/main.c:162:6:clearCellFault	12
../Core/Src/main.c:242:5:startupSequence	14
../Core/Src/main.c:364:6:checkVIT	1
../Core/Src/main.c:440:5:main	8
../Core/Src/main.c:640:6:SystemClock_Config	4
../Core/Src/main.c:690:13:MX_ADC1_Init	6
../Core/Src/main.c:775:13:MX_CAN1_Init	2
../Core/Src/main.c:827:13:MX_USART2_UART_Init	2
../Core/Src/main.c:860:13:MX_DMA_Init	1
../Core/Src/main.c:878:13:MX_GPIO_Init	1
../Core/Src/main.c:965:6:Error_Handler	1
