../Core/Src/main.c:130:10:getCellFaults	1
../Core/Src/main.c:150:6:setCellFaults	9
../Core/Src/main.c:162:6:clearCellFault	12
../Core/Src/main.c:242:5:startupSequence	14
../Core/Src/main.c:364:6:checkVIT	1
../Core/Src/main.c:442:5:main	8
../Core/Src/main.c:642:6:SystemClock_Config	4
../Core/Src/main.c:692:13:MX_ADC1_Init	6
../Core/Src/main.c:777:13:MX_CAN1_Init	2
../Core/Src/main.c:829:13:MX_USART2_UART_Init	2
../Core/Src/main.c:862:13:MX_DMA_Init	1
../Core/Src/main.c:880:13:MX_GPIO_Init	1
../Core/Src/main.c:967:6:Error_Handler	1
