../Core/Src/main.c:130:10:getCellFaults	24	static
../Core/Src/main.c:150:6:setCellFaults	16	static
../Core/Src/main.c:162:6:clearCellFault	16	static
../Core/Src/main.c:242:5:startupSequence	32	static
../Core/Src/main.c:364:6:checkVIT	64	static
../Core/Src/main.c:442:5:main	176	static
../Core/Src/main.c:642:6:SystemClock_Config	96	static
../Core/Src/main.c:692:13:MX_ADC1_Init	48	static
../Core/Src/main.c:777:13:MX_CAN1_Init	48	static
../Core/Src/main.c:829:13:MX_USART2_UART_Init	8	static
../Core/Src/main.c:862:13:MX_DMA_Init	16	static
../Core/Src/main.c:880:13:MX_GPIO_Init	48	static
../Core/Src/main.c:967:6:Error_Handler	4	static,ignoring_inline_asm
