Archive member included to satisfy reference by file (symbol)

../Middlewares/ST/AI/Lib\NetworkRuntime810_CM4_GCC.a(ai_datatypes_internal.o)
                              ./X-CUBE-AI/App/aiValidation.o (get_tensor_size)
../Middlewares/ST/AI/Lib\NetworkRuntime810_CM4_GCC.a(ai_platform.o)
                              ./X-CUBE-AI/App/aiTestHelper.o (ai_buffer_get_size)
../Middlewares/ST/AI/Lib\NetworkRuntime810_CM4_GCC.a(ai_platform_interface.o)
                              ./X-CUBE-AI/App/network.o (ai_platform_get_weights_map)
../Middlewares/ST/AI/Lib\NetworkRuntime810_CM4_GCC.a(core_common.o)
                              ../Middlewares/ST/AI/Lib\NetworkRuntime810_CM4_GCC.a(ai_platform_interface.o) (core_init)
../Middlewares/ST/AI/Lib\NetworkRuntime810_CM4_GCC.a(core_mem_manager.o)
                              ../Middlewares/ST/AI/Lib\NetworkRuntime810_CM4_GCC.a(ai_platform_interface.o) (core_mem_alloc)
../Middlewares/ST/AI/Lib\NetworkRuntime810_CM4_GCC.a(layers.o)
                              ../Middlewares/ST/AI/Lib\NetworkRuntime810_CM4_GCC.a(ai_platform_interface.o) (ai_check_custom_types)
../Middlewares/ST/AI/Lib\NetworkRuntime810_CM4_GCC.a(layers_conv2d_generic_float.o)
                              ./X-CUBE-AI/App/network.o (forward_dense)
../Middlewares/ST/AI/Lib\NetworkRuntime810_CM4_GCC.a(layers_conv2d_stm32_integer.o)
                              ../Middlewares/ST/AI/Lib\NetworkRuntime810_CM4_GCC.a(layers.o) (get_conv2d_scratch_size)
../Middlewares/ST/AI/Lib\NetworkRuntime810_CM4_GCC.a(layers_nl_generic_float.o)
                              ./X-CUBE-AI/App/network.o (nl_func_sigmoid_array_f32)
../Middlewares/ST/AI/Lib\NetworkRuntime810_CM4_GCC.a(layers_rnn_generic_float.o)
                              ./X-CUBE-AI/App/network.o (forward_lstm)
../Middlewares/ST/AI/Lib\NetworkRuntime810_CM4_GCC.a(forward_lite_conv2d_if32of32wf32.o)
                              ../Middlewares/ST/AI/Lib\NetworkRuntime810_CM4_GCC.a(layers_conv2d_generic_float.o) (forward_lite_conv2d_if32of32wf32)
../Middlewares/ST/AI/Lib\NetworkRuntime810_CM4_GCC.a(lite_dense_if32.o)
                              ../Middlewares/ST/AI/Lib\NetworkRuntime810_CM4_GCC.a(layers_conv2d_generic_float.o) (forward_lite_dense_if32of32wf32)
../Middlewares/ST/AI/Lib\NetworkRuntime810_CM4_GCC.a(st_convolve_reference.o)
                              ../Middlewares/ST/AI/Lib\NetworkRuntime810_CM4_GCC.a(layers_conv2d_stm32_integer.o) (align_factor)
../Middlewares/ST/AI/Lib\NetworkRuntime810_CM4_GCC.a(st_sssa8_ch_convolve.o)
                              ../Middlewares/ST/AI/Lib\NetworkRuntime810_CM4_GCC.a(layers_conv2d_stm32_integer.o) (st_sssa8_ch_convolve_rank1upd)
../Middlewares/ST/AI/Lib\NetworkRuntime810_CM4_GCC.a(st_sssa8_convolve.o)
                              ../Middlewares/ST/AI/Lib\NetworkRuntime810_CM4_GCC.a(layers_conv2d_stm32_integer.o) (st_sssa8_convolve_rank1upd)
../Middlewares/ST/AI/Lib\NetworkRuntime810_CM4_GCC.a(st_sssa8_convolve_1x1.o)
                              ../Middlewares/ST/AI/Lib\NetworkRuntime810_CM4_GCC.a(layers_conv2d_stm32_integer.o) (st_sssa8_convolve_1x1_WeightsPrefetch)
../Middlewares/ST/AI/Lib\NetworkRuntime810_CM4_GCC.a(st_sssa8_convolve_dw.o)
                              ../Middlewares/ST/AI/Lib\NetworkRuntime810_CM4_GCC.a(layers_conv2d_stm32_integer.o) (st_sssa8_conv_dw_Wadapt)
../Middlewares/ST/AI/Lib\NetworkRuntime810_CM4_GCC.a(st_sssa8_convolve_rgb.o)
                              ../Middlewares/ST/AI/Lib\NetworkRuntime810_CM4_GCC.a(layers_conv2d_stm32_integer.o) (st_sssa8_convolve_rgb)
../Middlewares/ST/AI/Lib\NetworkRuntime810_CM4_GCC.a(st_ssua8_ch_convolve.o)
                              ../Middlewares/ST/AI/Lib\NetworkRuntime810_CM4_GCC.a(layers_conv2d_stm32_integer.o) (st_ssua8_ch_convolve_rank1upd)
../Middlewares/ST/AI/Lib\NetworkRuntime810_CM4_GCC.a(st_ssua8_ch_convolve_1x1.o)
                              ../Middlewares/ST/AI/Lib\NetworkRuntime810_CM4_GCC.a(layers_conv2d_stm32_integer.o) (st_ssua8_ch_convolve_1x1)
../Middlewares/ST/AI/Lib\NetworkRuntime810_CM4_GCC.a(st_ssua8_ch_convolve_dw.o)
                              ../Middlewares/ST/AI/Lib\NetworkRuntime810_CM4_GCC.a(layers_conv2d_stm32_integer.o) (st_ssua8_ch_conv_dw_Wadapt)
../Middlewares/ST/AI/Lib\NetworkRuntime810_CM4_GCC.a(st_ssua8_ch_convolve_rgb.o)
                              ../Middlewares/ST/AI/Lib\NetworkRuntime810_CM4_GCC.a(layers_conv2d_stm32_integer.o) (st_ssua8_ch_convolve_rgb)
../Middlewares/ST/AI/Lib\NetworkRuntime810_CM4_GCC.a(st_ssua8_convolve.o)
                              ../Middlewares/ST/AI/Lib\NetworkRuntime810_CM4_GCC.a(layers_conv2d_stm32_integer.o) (st_ssua8_convolve_rank1upd)
../Middlewares/ST/AI/Lib\NetworkRuntime810_CM4_GCC.a(st_ssua8_convolve_1x1.o)
                              ../Middlewares/ST/AI/Lib\NetworkRuntime810_CM4_GCC.a(layers_conv2d_stm32_integer.o) (st_ssua8_convolve_1x1)
../Middlewares/ST/AI/Lib\NetworkRuntime810_CM4_GCC.a(st_ssua8_convolve_dw.o)
[...]
Memory Configuration

Name             Origin             Length             Attributes
RAM              0x0000000020000000 0x0000000000018000 xrw
RAM2             0x0000000010000000 0x0000000000008000 xrw
FLASH            0x0000000008000000 0x0000000000100000 xr
*default*        0x0000000000000000 0xffffffffffffffff

Linker script and memory map

LOAD C:/ST/STM32CubeIDE_1.14.1/STM32CubeIDE/plugins/com.st.stm32cube.ide.mcu.externaltools.gnu-tools-for-stm32.11.3.rel1.win32_1.1.100.202309141235/tools/bin/../lib/gcc/arm-none-eabi/11.3.1/thumb/v7e-m+fp/hard/crti.o
LOAD C:/ST/STM32CubeIDE_1.14.1/STM32CubeIDE/plugins/com.st.stm32cube.ide.mcu.externaltools.gnu-tools-for-stm32.11.3.rel1.win32_1.1.100.202309141235/tools/bin/../lib/gcc/arm-none-eabi/11.3.1/thumb/v7e-m+fp/hard/crtbegin.o
LOAD C:/ST/STM32CubeIDE_1.14.1/STM32CubeIDE/plugins/com.st.stm32cube.ide.mcu.externaltools.gnu-tools-for-stm32.11.3.rel1.win32_1.1.100.202309141235/tools/bin/../lib/gcc/arm-none-eabi/11.3.1/../../../../arm-none-eabi/lib/thumb/v7e-m+fp/hard/crt0.o
LOAD ./Core/Src/main.o
LOAD ./Core/Src/stm32l4xx_hal_msp.o
LOAD ./Core/Src/stm32l4xx_it.o
LOAD ./Core/Src/syscalls.o
LOAD ./Core/Src/sysmem.o
LOAD ./Core/Src/system_stm32l4xx.o
LOAD ./Core/Startup/startup_stm32l476rgtx.o
LOAD ./Drivers/STM32L4xx_HAL_Driver/Src/stm32l4xx_hal.o
LOAD ./Drivers/STM32L4xx_HAL_Driver/Src/stm32l4xx_hal_cortex.o
LOAD ./Drivers/STM32L4xx_HAL_Driver/Src/stm32l4xx_hal_crc.o
LOAD ./Drivers/STM32L4xx_HAL_Driver/Src/stm32l4xx_hal_crc_ex.o
LOAD ./Drivers/STM32L4xx_HAL_Driver/Src/stm32l4xx_hal_dma.o
LOAD ./Drivers/STM32L4xx_HAL_Driver/Src/stm32l4xx_hal_dma_ex.o
LOAD ./Drivers/STM32L4xx_HAL_Driver/Src/stm32l4xx_hal_exti.o
LOAD ./Drivers/STM32L4xx_HAL_Driver/Src/stm32l4xx_hal_flash.o
LOAD ./Drivers/STM32L4xx_HAL_Driver/Src/stm32l4xx_hal_flash_ex.o
LOAD ./Drivers/STM32L4xx_HAL_Driver/Src/stm32l4xx_hal_flash_ramfunc.o
LOAD ./Drivers/STM32L4xx_HAL_Driver/Src/stm32l4xx_hal_gpio.o
LOAD ./Drivers/STM32L4xx_HAL_Driver/Src/stm32l4xx_hal_i2c.o
LOAD ./Drivers/STM32L4xx_HAL_Driver/Src/stm32l4xx_hal_i2c_ex.o
LOAD ./Drivers/STM32L4xx_HAL_Driver/Src/stm32l4xx_hal_pwr.o
LOAD ./Drivers/STM32L4xx_HAL_Driver/Src/stm32l4xx_hal_pwr_ex.o
LOAD ./Drivers/STM32L4xx_HAL_Driver/Src/stm32l4xx_hal_rcc.o
LOAD ./Drivers/STM32L4xx_HAL_Driver/Src/stm32l4xx_hal_rcc_ex.o
LOAD ./Drivers/STM32L4xx_HAL_Driver/Src/stm32l4xx_hal_tim.o
LOAD ./Drivers/STM32L4xx_HAL_Driver/Src/stm32l4xx_hal_tim_ex.o
LOAD ./Drivers/STM32L4xx_HAL_Driver/Src/stm32l4xx_hal_uart.o
LOAD ./Drivers/STM32L4xx_HAL_Driver/Src/stm32l4xx_hal_uart_ex.o
LOAD ./X-CUBE-AI/App/aiPbIO.o
LOAD ./X-CUBE-AI/App/aiPbMemRWServices.o
LOAD ./X-CUBE-AI/App/aiPbMgr.o
LOAD ./X-CUBE-AI/App/aiTestHelper.o
LOAD ./X-CUBE-AI/App/aiTestUtility.o
LOAD ./X-CUBE-AI/App/aiValidation.o
LOAD ./X-CUBE-AI/App/ai_device_adaptor.o
LOAD ./X-CUBE-AI/App/app_x-cube-ai.o
LOAD ./X-CUBE-AI/App/lc_print.o
LOAD ./X-CUBE-AI/App/network.o
LOAD ./X-CUBE-AI/App/network_data.o
LOAD ./X-CUBE-AI/App/network_data_params.o
LOAD ./X-CUBE-AI/App/pb_common.o
LOAD ./X-CUBE-AI/App/pb_decode.o
LOAD ./X-CUBE-AI/App/pb_encode.o
LOAD ./X-CUBE-AI/App/stm32msg.pb.o
LOAD ./X-CUBE-AI/App/syscalls.o
LOAD ../Middlewares/ST/AI/Lib\NetworkRuntime810_CM4_GCC.a
START GROUP
LOAD C:/ST/STM32CubeIDE_1.14.1/STM32CubeIDE/plugins/com.st.stm32cube.ide.mcu.externaltools.gnu-tools-for-stm32.11.3.rel1.win32_1.1.100.202309141235/tools/bin/../lib/gcc/arm-none-eabi/11.3.1/../../../../arm-none-eabi/lib/thumb/v7e-m+fp/hard\libc_nano.a
LOAD C:/ST/STM32CubeIDE_1.14.1/STM32CubeIDE/plugins/com.st.stm32cube.ide.mcu.externaltools.gnu-tools-for-stm32.11.3.rel1.win32_1.1.100.202309141235/tools/bin/../lib/gcc/arm-none-eabi/11.3.1/../../../../arm-none-eabi/lib/thumb/v7e-m+fp/hard\libm.a
END GROUP
START GROUP
LOAD C:/ST/STM32CubeIDE_1.14.1/STM32CubeIDE/plugins/com.st.stm32cube.ide.mcu.externaltools.gnu-tools-for-stm32.11.3.rel1.win32_1.1.100.202309141235/tools/bin/../lib/gcc/arm-none-eabi/11.3.1/thumb/v7e-m+fp/hard\libgcc.a
LOAD C:/ST/STM32CubeIDE_1.14.1/STM32CubeIDE/plugins/com.st.stm32cube.ide.mcu.externaltools.gnu-tools-for-stm32.11.3.rel1.win32_1.1.100.202309141235/tools/bin/../lib/gcc/arm-none-eabi/11.3.1/../../../../arm-none-eabi/lib/thumb/v7e-m+fp/hard\libc_nano.a
END GROUP
START GROUP
LOAD C:/ST/STM32CubeIDE_1.14.1/STM32CubeIDE/plugins/com.st.stm32cube.ide.mcu.externaltools.gnu-tools-for-stm32.11.3.rel1.win32_1.1.100.202309141235/tools/bin/../lib/gcc/arm-none-eabi/11.3.1/thumb/v7e-m+fp/hard\libgcc.a
LOAD C:/ST/STM32CubeIDE_1.14.1/STM32CubeIDE/plugins/com.st.stm32cube.ide.mcu.externaltools.gnu-tools-for-stm32.11.3.rel1.win32_1.1.100.202309141235/tools/bin/../lib/gcc/arm-none-eabi/11.3.1/../../../../arm-none-eabi/lib/thumb/v7e-m+fp/hard\libc_nano.a
LOAD C:/ST/STM32CubeIDE_1.14.1/STM32CubeIDE/plugins/com.st.stm32cube.ide.mcu.externaltools.gnu-tools-for-stm32.11.3.rel1.win32_1.1.100.202309141235/tools/bin/../lib/gcc/arm-none-eabi/11.3.1/../../../../arm-none-eabi/lib/thumb/v7e-m+fp/hard\libnosys.a
END GROUP
START GROUP
LOAD C:/ST/STM32CubeIDE_1.14.1/STM32CubeIDE/plugins/com.st.stm32cube.ide.mcu.externaltools.gnu-tools-for-stm32.11.3.rel1.win32_1.1.100.202309141235/tools/bin/../lib/gcc/arm-none-eabi/11.3.1/thumb/v7e-m+fp/hard\libgcc.a
LOAD C:/ST/STM32CubeIDE_1.14.1/STM32CubeIDE/plugins/com.st.stm32cube.ide.mcu.externaltools.gnu-tools-for-stm32.11.3.rel1.win32_1.1.100.202309141235/tools/bin/../lib/gcc/arm-none-eabi/11.3.1/../../../../arm-none-eabi/lib/thumb/v7e-m+fp/hard\libc_nano.a
LOAD C:/ST/STM32CubeIDE_1.14.1/STM32CubeIDE/plugins/com.st.stm32cube.ide.mcu.externaltools.gnu-tools-for-stm32.11.3.rel1.win32_1.1.100.202309141235/tools/bin/../lib/gcc/arm-none-eabi/11.3.1/../../../../arm-none-eabi/lib/thumb/v7e-m+fp/hard\libnosys.a
END GROUP
LOAD C:/ST/STM32CubeIDE_1.14.1/STM32CubeIDE/plugins/com.st.stm32cube.ide.mcu.externaltools.gnu-tools-for-stm32.11.3.rel1.win32_1.1.100.202309141235/tools/bin/../lib/gcc/arm-none-eabi/11.3.1/thumb/v7e-m+fp/hard/crtend.o
LOAD C:/ST/STM32CubeIDE_1.14.1/STM32CubeIDE/plugins/com.st.stm32cube.ide.mcu.externaltools.gnu-tools-for-stm32.11.3.rel1.win32_1.1.100.202309141235/tools/bin/../lib/gcc/arm-none-eabi/11.3.1/thumb/v7e-m+fp/hard/crtn.o
                0x0000000020018000                _estack = (ORIGIN (RAM) + LENGTH (RAM))
                0x0000000000000800                _Min_Heap_Size = 0x800
                0x0000000000000800                _Min_Stack_Size = 0x800

.isr_vector     0x0000000008000000      0x188
                0x0000000008000000                . = ALIGN (0x4)
 *(.isr_vector)
 .isr_vector    0x0000000008000000      0x188 ./Core/Startup/startup_stm32l476rgtx.o
                0x0000000008000000                g_pfnVectors
                0x0000000008000188                . = ALIGN (0x4)

.text           0x0000000008000190     0xcb74
                0x0000000008000190                . = ALIGN (0x4)
 *(.text)
 .text          0x0000000008000190       0x40 C:/ST/STM32CubeIDE_1.14.1/STM32CubeIDE/plugins/com.st.stm32cube.ide.mcu.externaltools.gnu-tools-for-stm32.11.3.rel1.win32_1.1.100.202309141235/tools/bin/../lib/gcc/arm-none-eabi/11.3.1/thumb/v7e-m+fp/hard/crtbegin.o
 .text          0x00000000080001d0       0xa0 C:/ST/STM32CubeIDE_1.14.1/STM32CubeIDE/plugins/com.st.stm32cube.ide.mcu.externaltools.gnu-tools-for-stm32.11.3.rel1.win32_1.1.100.202309141235/tools/bin/../lib/gcc/arm-none-eabi/11.3.1/../../../../arm-none-eabi/lib/thumb/v7e-m+fp/hard\libc_nano.a(libc_a-memchr.o)
                0x00000000080001d0                memchr
 .text          0x0000000008000270       0x10 C:/ST/STM32CubeIDE_1.14.1/STM32CubeIDE/plugins/com.st.stm32cube.ide.mcu.externaltools.gnu-tools-for-stm32.11.3.rel1.win32_1.1.100.202309141235/tools/bin/../lib/gcc/arm-none-eabi/11.3.1/../../../../arm-none-eabi/lib/thumb/v7e-m+fp/hard\libc_nano.a(libc_a-strlen.o)
                0x0000000008000270                strlen
 .text          0x0000000008000280      0x378 C:/ST/STM32CubeIDE_1.14.1/STM32CubeIDE/plugins/com.st.stm32cube.ide.mcu.externaltools.gnu-tools-for-stm32.11.3.rel1.win32_1.1.100.202309141235/tools/bin/../lib/gcc/arm-none-eabi/11.3.1/thumb/v7e-m+fp/hard\libgcc.a(_arm_addsubdf3.o)
                0x0000000008000280                __aeabi_drsub
                0x0000000008000288                __aeabi_dsub
                0x0000000008000288                __subdf3
                0x000000000800028c                __aeabi_dadd
                0x000000000800028c                __adddf3
                0x0000000008000504                __floatunsidf
                0x0000000008000504                __aeabi_ui2d
                0x0000000008000524                __floatsidf
                0x0000000008000524                __aeabi_i2d
                0x0000000008000548                __aeabi_f2d
                0x0000000008000548                __extendsfdf2
                0x000000000800058c                __floatundidf
                0x000000000800058c                __aeabi_ul2d
                0x000000000800059c                __floatdidf
                0x000000000800059c                __aeabi_l2d
 .text          0x00000000080005f8      0x424 C:/ST/STM32CubeIDE_1.14.1/STM32CubeIDE/plugins/com.st.stm32cube.ide.mcu.externaltools.gnu-tools-for-stm32.11.3.rel1.win32_1.1.100.202309141235/tools/bin/../lib/gcc/arm-none-eabi/11.3.1/thumb/v7e-m+fp/hard\libgcc.a(_arm_muldivdf3.o)
                0x00000000080005f8                __aeabi_dmul
                0x00000000080005f8                __muldf3
                0x000000000800084c                __divdf3
                0x000000000800084c                __aeabi_ddiv
 .text          0x0000000008000a1c      0x110 C:/ST/STM32CubeIDE_1.14.1/STM32CubeIDE/plugins/com.st.stm32cube.ide.mcu.externaltools.gnu-tools-for-stm32.11.3.rel1.win32_1.1.100.202309141235/tools/bin/../lib/gcc/arm-none-eabi/11.3.1/thumb/v7e-m+fp/hard\libgcc.a(_arm_cmpdf2.o)
                0x0000000008000a1c                __gtdf2
                0x0000000008000a1c                __gedf2
                0x0000000008000a24                __ltdf2
                0x0000000008000a24                __ledf2
                0x0000000008000a2c                __nedf2
                0x0000000008000a2c                __eqdf2
                0x0000000008000a2c                __cmpdf2
                0x0000000008000aa8                __aeabi_cdrcmple
                0x0000000008000ab8                __aeabi_cdcmpeq
                0x0000000008000ab8                __aeabi_cdcmple
                0x0000000008000ac8                __aeabi_dcmpeq
                0x0000000008000adc                __aeabi_dcmplt
                0x0000000008000af0                __aeabi_dcmple
                0x0000000008000b04                __aeabi_dcmpge
                0x0000000008000b18                __aeabi_dcmpgt
 .text          0x0000000008000b2c       0x2c C:/ST/STM32CubeIDE_1.14.1/STM32CubeIDE/plugins/com.st.stm32cube.ide.mcu.externaltools.gnu-tools-for-stm32.11.3.rel1.win32_1.1.100.202309141235/tools/bin/../lib/gcc/arm-none-eabi/11.3.1/thumb/v7e-m+fp/hard\libgcc.a(_arm_unorddf2.o)
                0x0000000008000b2c                __unorddf2
                0x0000000008000b2c                __aeabi_dcmpun
 .text          0x0000000008000b58       0x50 C:/ST/STM32CubeIDE_1.14.1/STM32CubeIDE/plugins/com.st.stm32cube.ide.mcu.externaltools.gnu-tools-for-stm32.11.3.rel1.win32_1.1.100.202309141235/tools/bin/../lib/gcc/arm-none-eabi/11.3.1/thumb/v7e-m+fp/hard\libgcc.a(_arm_fixdfsi.o)
                0x0000000008000b58                __aeabi_d2iz
                0x0000000008000b58                __fixdfsi
 .text          0x0000000008000ba8      0x21c C:/ST/STM32CubeIDE_1.14.1/STM32CubeIDE/plugins/com.st.stm32cube.ide.mcu.externaltools.gnu-tools-for-stm32.11.3.rel1.win32_1.1.100.202309141235/tools/bin/../lib/gcc/arm-none-eabi/11.3.1/thumb/v7e-m+fp/hard\libgcc.a(_arm_addsubsf3.o)
                0x0000000008000ba8                __aeabi_frsub
                0x0000000008000bb0                __subsf3
                0x0000000008000bb0                __aeabi_fsub
                0x0000000008000bb4                __aeabi_fadd
                0x0000000008000bb4                __addsf3
                0x0000000008000d14                __aeabi_ui2f
                0x0000000008000d14                __floatunsisf
                0x0000000008000d1c                __aeabi_i2f
                0x0000000008000d1c                __floatsisf
                0x0000000008000d38                __aeabi_ul2f
                0x0000000008000d38                __floatundisf
                0x0000000008000d48                __aeabi_l2f
                0x0000000008000d48                __floatdisf
 .text          0x0000000008000dc4       0x30 C:/ST/STM32CubeIDE_1.14.1/STM32CubeIDE/plugins/com.st.stm32cube.ide.mcu.externaltools.gnu-tools-for-stm32.11.3.rel1.win32_1.1.100.202309141235/tools/bin/../lib/gcc/arm-none-eabi/11.3.1/thumb/v7e-m+fp/hard\libgcc.a(_aeabi_uldivmod.o)
                0x0000000008000dc4                __aeabi_uldivmod
 .text          0x0000000008000df4       0x3c C:/ST/STM32CubeIDE_1.14.1/STM32CubeIDE/plugins/com.st.stm32cube.ide.mcu.externaltools.gnu-tools-for-stm32.11.3.rel1.win32_1.1.100.202309141235/tools/bin/../lib/gcc/arm-none-eabi/11.3.1/thumb/v7e-m+fp/hard\libgcc.a(_fixunsdfdi.o)
                0x0000000008000df4                __fixunsdfdi
                0x0000000008000df4                __aeabi_d2ulz
 .text          0x0000000008000e30      0x2c8 C:/ST/STM32CubeIDE_1.14.1/STM32CubeIDE/plugins/com.st.stm32cube.ide.mcu.externaltools.gnu-tools-for-stm32.11.3.rel1.win32_1.1.100.202309141235/tools/bin/../lib/gcc/arm-none-eabi/11.3.1/thumb/v7e-m+fp/hard\libgcc.a(_udivmoddi4.o)
                0x0000000008000e30                __udivmoddi4
 .text          0x00000000080010f8        0x4 C:/ST/STM32CubeIDE_1.14.1/STM32CubeIDE/plugins/com.st.stm32cube.ide.mcu.externaltools.gnu-tools-for-stm32.11.3.rel1.win32_1.1.100.202309141235/tools/bin/../lib/gcc/arm-none-eabi/11.3.1/thumb/v7e-m+fp/hard\libgcc.a(_dvmd_tls.o)
                0x00000000080010f8                __aeabi_idiv0
                0x00000000080010f8                __aeabi_ldiv0
 .text          0x00000000080010fc       0x40 C:/ST/STM32CubeIDE_1.14.1/STM32CubeIDE/plugins/com.st.stm32cube.ide.mcu.externaltools.gnu-tools-for-stm32.11.3.rel1.win32_1.1.100.202309141235/tools/bin/../lib/gcc/arm-none-eabi/11.3.1/thumb/v7e-m+fp/hard\libgcc.a(_arm_fixunsdfsi.o)
                0x00000000080010fc                __aeabi_d2uiz
                0x00000000080010fc                __fixunsdfsi
 *(.text*)
 .text.SystemClock_Config
                0x000000000800113c       0x76 ./Core/Src/main.o
                0x000000000800113c                SystemClock_Config
 *fill*         0x00000000080011b2        0x2 
 .text.startup.main
                0x00000000080011b4       0xd0 ./Core/Src/main.o
                0x00000000080011b4                main
 .text.MX_USART2_UART_Init
                0x0000000008001284       0x38 ./Core/Src/main.o
                0x0000000008001284                MX_USART2_UART_Init
 .text.Error_Handler
                0x00000000080012bc        0x4 ./Core/Src/main.o
                0x00000000080012bc                Error_Handler
 .text.HAL_MspInit
                0x00000000080012c0       0x30 ./Core/Src/stm32l4xx_hal_msp.o
                0x00000000080012c0                HAL_MspInit
 .text.HAL_CRC_MspInit
                0x00000000080012f0       0x28 ./Core/Src/stm32l4xx_hal_msp.o
                0x00000000080012f0                HAL_CRC_MspInit
 .text.HAL_UART_MspInit
                0x0000000008001318       0x9c ./Core/Src/stm32l4xx_hal_msp.o
                0x0000000008001318                HAL_UART_MspInit
 .text.NMI_Handler
                0x00000000080013b4        0x2 ./Core/Src/stm32l4xx_it.o
                0x00000000080013b4                NMI_Handler
 .text.HardFault_Handler
                0x00000000080013b6        0x2 ./Core/Src/stm32l4xx_it.o
                0x00000000080013b6                HardFault_Handler
 .text.MemManage_Handler
                0x00000000080013b8        0x2 ./Core/Src/stm32l4xx_it.o
                0x00000000080013b8                MemManage_Handler
 .text.BusFault_Handler
                0x00000000080013ba        0x2 ./Core/Src/stm32l4xx_it.o
                0x00000000080013ba                BusFault_Handler
 .text.UsageFault_Handler
                0x00000000080013bc        0x2 ./Core/Src/stm32l4xx_it.o
                0x00000000080013bc                UsageFault_Handler
 .text.SVC_Handler
                0x00000000080013be        0x2 ./Core/Src/stm32l4xx_it.o
                0x00000000080013be                SVC_Handler
 .text.DebugMon_Handler
                0x00000000080013c0        0x2 ./Core/Src/stm32l4xx_it.o
                0x00000000080013c0                DebugMon_Handler
 .text.PendSV_Handler
                0x00000000080013c2        0x2 ./Core/Src/stm32l4xx_it.o
                0x00000000080013c2                PendSV_Handler
 .text.SysTick_Handler
                0x00000000080013c4        0x4 ./Core/Src/stm32l4xx_it.o
                0x00000000080013c4                SysTick_Handler
 .text._getpid  0x00000000080013c8        0x4 ./Core/Src/syscalls.o
                0x00000000080013c8                _getpid
 .text._kill    0x00000000080013cc       0x10 ./Core/Src/syscalls.o
                0x00000000080013cc                _kill
 .text._exit    0x00000000080013dc        0xc ./Core/Src/syscalls.o
                0x00000000080013dc                _exit
 .text._read    0x00000000080013e8       0x1c ./Core/Src/syscalls.o
                0x00000000080013e8                _read
 .text._close   0x0000000008001404        0x6 ./Core/Src/syscalls.o
                0x0000000008001404                _close
 .text._fstat   0x000000000800140a        0xa ./Core/Src/syscalls.o
                0x000000000800140a                _fstat
 .text._isatty  0x0000000008001414        0x4 ./Core/Src/syscalls.o
                0x0000000008001414                _isatty
 .text._lseek   0x0000000008001418        0x4 ./Core/Src/syscalls.o
                0x0000000008001418                _lseek
 .text._sbrk    0x000000000800141c       0x40 ./Core/Src/sysmem.o
                0x000000000800141c                _sbrk
 .text.SystemInit
                0x000000000800145c       0x14 ./Core/Src/system_stm32l4xx.o
                0x000000000800145c                SystemInit
 .text.Reset_Handler
                0x0000000008001470       0x50 ./Core/Startup/startup_stm32l476rgtx.o
                0x0000000008001470                Reset_Handler
 .text.Default_Handler
                0x00000000080014c0        0x2 ./Core/Startup/startup_stm32l476rgtx.o
                0x00000000080014c0                RTC_Alarm_IRQHandler
                0x00000000080014c0                EXTI2_IRQHandler
                0x00000000080014c0                TIM8_TRG_COM_IRQHandler
                0x00000000080014c0                TIM8_CC_IRQHandler
                0x00000000080014c0                TIM1_CC_IRQHandler
                0x00000000080014c0                TSC_IRQHandler
                0x00000000080014c0                TAMP_STAMP_IRQHandler
                0x00000000080014c0                EXTI3_IRQHandler
                0x00000000080014c0                LPTIM2_IRQHandler
                0x00000000080014c0                DFSDM1_FLT1_IRQHandler
                0x00000000080014c0                I2C3_ER_IRQHandler
                0x00000000080014c0                DFSDM1_FLT2_IRQHandler
                0x00000000080014c0                EXTI0_IRQHandler
                0x00000000080014c0                I2C2_EV_IRQHandler
                0x00000000080014c0                CAN1_RX0_IRQHandler
                0x00000000080014c0                FPU_IRQHandler
                0x00000000080014c0                TIM1_UP_TIM16_IRQHandler
                0x00000000080014c0                ADC1_2_IRQHandler
                0x00000000080014c0                SPI1_IRQHandler
                0x00000000080014c0                TIM6_DAC_IRQHandler
                0x00000000080014c0                TIM8_UP_IRQHandler
                0x00000000080014c0                DMA2_Channel2_IRQHandler
                0x00000000080014c0                DMA1_Channel4_IRQHandler
                0x00000000080014c0                SAI2_IRQHandler
                0x00000000080014c0                DFSDM1_FLT3_IRQHandler
                0x00000000080014c0                USART3_IRQHandler
                0x00000000080014c0                DMA1_Channel7_IRQHandler
                0x00000000080014c0                CAN1_RX1_IRQHandler
                0x00000000080014c0                LCD_IRQHandler
                0x00000000080014c0                UART5_IRQHandler
                0x00000000080014c0                ADC3_IRQHandler
                0x00000000080014c0                TIM4_IRQHandler
                0x00000000080014c0                DMA2_Channel1_IRQHandler
                0x00000000080014c0                QUADSPI_IRQHandler
                0x00000000080014c0                I2C1_EV_IRQHandler
                0x00000000080014c0                DMA1_Channel6_IRQHandler
                0x00000000080014c0                UART4_IRQHandler
                0x00000000080014c0                DMA2_Channel4_IRQHandler
                0x00000000080014c0                TIM3_IRQHandler
                0x00000000080014c0                RCC_IRQHandler
                0x00000000080014c0                DMA1_Channel1_IRQHandler
                0x00000000080014c0                Default_Handler
                0x00000000080014c0                DMA2_Channel7_IRQHandler
                0x00000000080014c0                EXTI15_10_IRQHandler
                0x00000000080014c0                TIM7_IRQHandler
                0x00000000080014c0                SDMMC1_IRQHandler
                0x00000000080014c0                TIM5_IRQHandler
                0x00000000080014c0                I2C3_EV_IRQHandler
                0x00000000080014c0                EXTI9_5_IRQHandler
                0x00000000080014c0                RTC_WKUP_IRQHandler
                0x00000000080014c0                PVD_PVM_IRQHandler
                0x00000000080014c0                SPI2_IRQHandler
                0x00000000080014c0                CAN1_TX_IRQHandler
                0x00000000080014c0                DMA2_Channel5_IRQHandler
                0x00000000080014c0                DMA1_Channel5_IRQHandler
                0x00000000080014c0                EXTI4_IRQHandler
                0x00000000080014c0                RNG_IRQHandler
                0x00000000080014c0                TIM1_TRG_COM_TIM17_IRQHandler
                0x00000000080014c0                DMA1_Channel3_IRQHandler
                0x00000000080014c0                COMP_IRQHandler
                0x00000000080014c0                WWDG_IRQHandler
                0x00000000080014c0                LPUART1_IRQHandler
                0x00000000080014c0                DMA2_Channel6_IRQHandler
                0x00000000080014c0                TIM2_IRQHandler
                0x00000000080014c0                EXTI1_IRQHandler
                0x00000000080014c0                USART2_IRQHandler
                0x00000000080014c0                DFSDM1_FLT0_IRQHandler
                0x00000000080014c0                I2C2_ER_IRQHandler
                0x00000000080014c0                DMA1_Channel2_IRQHandler
                0x00000000080014c0                TIM8_BRK_IRQHandler
                0x00000000080014c0                CAN1_SCE_IRQHandler
                0x00000000080014c0                FLASH_IRQHandler
                0x00000000080014c0                USART1_IRQHandler
                0x00000000080014c0                OTG_FS_IRQHandler
                0x00000000080014c0                SPI3_IRQHandler
                0x00000000080014c0                I2C1_ER_IRQHandler
                0x00000000080014c0                FMC_IRQHandler
                0x00000000080014c0                SWPMI1_IRQHandler
                0x00000000080014c0                LPTIM1_IRQHandler
                0x00000000080014c0                SAI1_IRQHandler
                0x00000000080014c0                DMA2_Channel3_IRQHandler
                0x00000000080014c0                TIM1_BRK_TIM15_IRQHandler
 *fill*         0x00000000080014c2        0x2 
 .text.HAL_InitTick
                0x00000000080014c4       0x4c ./Drivers/STM32L4xx_HAL_Driver/Src/stm32l4xx_hal.o
                0x00000000080014c4                HAL_InitTick
 .text.HAL_Init
                0x0000000008001510       0x2c ./Drivers/STM32L4xx_HAL_Driver/Src/stm32l4xx_hal.o
                0x0000000008001510                HAL_Init
 .text.HAL_IncTick
                0x000000000800153c       0x18 ./Drivers/STM32L4xx_HAL_Driver/Src/stm32l4xx_hal.o
                0x000000000800153c                HAL_IncTick
 .text.HAL_GetTick
                0x0000000008001554        0xc ./Drivers/STM32L4xx_HAL_Driver/Src/stm32l4xx_hal.o
                0x0000000008001554                HAL_GetTick
 .text.HAL_Delay
                0x0000000008001560       0x28 ./Drivers/STM32L4xx_HAL_Driver/Src/stm32l4xx_hal.o
                0x0000000008001560                HAL_Delay
 .text.HAL_GetHalVersion
                0x0000000008001588        0x8 ./Drivers/STM32L4xx_HAL_Driver/Src/stm32l4xx_hal.o
                0x0000000008001588                HAL_GetHalVersion
 .text.HAL_GetREVID
                0x0000000008001590        0xc ./Drivers/STM32L4xx_HAL_Driver/Src/stm32l4xx_hal.o
                0x0000000008001590                HAL_GetREVID
 .text.HAL_GetDEVID
                0x000000000800159c       0x10 ./Drivers/STM32L4xx_HAL_Driver/Src/stm32l4xx_hal.o
                0x000000000800159c                HAL_GetDEVID
 .text.HAL_NVIC_SetPriorityGrouping
                0x00000000080015ac       0x24 ./Drivers/STM32L4xx_HAL_Driver/Src/stm32l4xx_hal_cortex.o
                0x00000000080015ac                HAL_NVIC_SetPriorityGrouping
 .text.HAL_NVIC_SetPriority
                0x00000000080015d0       0x64 ./Drivers/STM32L4xx_HAL_Driver/Src/stm32l4xx_hal_cortex.o
                0x00000000080015d0                HAL_NVIC_SetPriority
 .text.HAL_SYSTICK_Config
                0x0000000008001634       0x28 ./Drivers/STM32L4xx_HAL_Driver/Src/stm32l4xx_hal_cortex.o
                0x0000000008001634                HAL_SYSTICK_Config
 .text.HAL_CRC_Init
                0x000000000800165c       0x74 ./Drivers/STM32L4xx_HAL_Driver/Src/stm32l4xx_hal_crc.o
                0x000000000800165c                HAL_CRC_Init
 .text.HAL_CRCEx_Polynomial_Set
                0x00000000080016d0       0x4c ./Drivers/STM32L4xx_HAL_Driver/Src/stm32l4xx_hal_crc_ex.o
                0x00000000080016d0                HAL_CRCEx_Polynomial_Set
 .text.HAL_GPIO_Init
                0x000000000800171c      0x1bc ./Drivers/STM32L4xx_HAL_Driver/Src/stm32l4xx_hal_gpio.o
                0x000000000800171c                HAL_GPIO_Init
 .text.HAL_GPIO_WritePin
                0x00000000080018d8        0xa ./Drivers/STM32L4xx_HAL_Driver/Src/stm32l4xx_hal_gpio.o
                0x00000000080018d8                HAL_GPIO_WritePin
 *fill*         0x00000000080018e2        0x2 
 .text.HAL_PWREx_GetVoltageRange
                0x00000000080018e4       0x10 ./Drivers/STM32L4xx_HAL_Driver/Src/stm32l4xx_hal_pwr_ex.o
                0x00000000080018e4                HAL_PWREx_GetVoltageRange
 .text.HAL_PWREx_ControlVoltageScaling
                0x00000000080018f4       0x6c ./Drivers/STM32L4xx_HAL_Driver/Src/stm32l4xx_hal_pwr_ex.o
                0x00000000080018f4                HAL_PWREx_ControlVoltageScaling
 .text.RCC_SetFlashLatencyFromMSIRange
                0x0000000008001960       0x84 ./Drivers/STM32L4xx_HAL_Driver/Src/stm32l4xx_hal_rcc.o
 .text.HAL_RCC_GetSysClockFreq
                0x00000000080019e4       0x9c ./Drivers/STM32L4xx_HAL_Driver/Src/stm32l4xx_hal_rcc.o
                0x00000000080019e4                HAL_RCC_GetSysClockFreq
 .text.HAL_RCC_OscConfig
                0x0000000008001a80      0x500 ./Drivers/STM32L4xx_HAL_Driver/Src/stm32l4xx_hal_rcc.o
                0x0000000008001a80                HAL_RCC_OscConfig
 .text.HAL_RCC_ClockConfig
                0x0000000008001f80      0x154 ./Drivers/STM32L4xx_HAL_Driver/Src/stm32l4xx_hal_rcc.o
                0x0000000008001f80                HAL_RCC_ClockConfig
 .text.HAL_RCC_GetHCLKFreq
                0x00000000080020d4        0xc ./Drivers/STM32L4xx_HAL_Driver/Src/stm32l4xx_hal_rcc.o
                0x00000000080020d4                HAL_RCC_GetHCLKFreq
 .text.HAL_RCC_GetPCLK1Freq
                0x00000000080020e0       0x24 ./Drivers/STM32L4xx_HAL_Driver/Src/stm32l4xx_hal_rcc.o
                0x00000000080020e0                HAL_RCC_GetPCLK1Freq
 .text.HAL_RCC_GetPCLK2Freq
                0x0000000008002104       0x24 ./Drivers/STM32L4xx_HAL_Driver/Src/stm32l4xx_hal_rcc.o
                0x0000000008002104                HAL_RCC_GetPCLK2Freq
 .text.RCCEx_PLLSAI1_Config
                0x0000000008002128      0x110 ./Drivers/STM32L4xx_HAL_Driver/Src/stm32l4xx_hal_rcc_ex.o
 .text.RCCEx_PLLSAI2_Config
                0x0000000008002238       0xf4 ./Drivers/STM32L4xx_HAL_Driver/Src/stm32l4xx_hal_rcc_ex.o
 .text.HAL_RCCEx_PeriphCLKConfig
                0x000000000800232c      0x3d4 ./Drivers/STM32L4xx_HAL_Driver/Src/stm32l4xx_hal_rcc_ex.o
                0x000000000800232c                HAL_RCCEx_PeriphCLKConfig
 .text.UART_EndRxTransfer
                0x0000000008002700       0x50 ./Drivers/STM32L4xx_HAL_Driver/Src/stm32l4xx_hal_uart.o
 .text.UART_SetConfig
                0x0000000008002750      0x284 ./Drivers/STM32L4xx_HAL_Driver/Src/stm32l4xx_hal_uart.o
                0x0000000008002750                UART_SetConfig
 .text.UART_AdvFeatureConfig
                0x00000000080029d4       0xa8 ./Drivers/STM32L4xx_HAL_Driver/Src/stm32l4xx_hal_uart.o
                0x00000000080029d4                UART_AdvFeatureConfig
 .text.UART_WaitOnFlagUntilTimeout
                0x0000000008002a7c       0x88 ./Drivers/STM32L4xx_HAL_Driver/Src/stm32l4xx_hal_uart.o
                0x0000000008002a7c                UART_WaitOnFlagUntilTimeout
 .text.HAL_UART_Transmit
                0x0000000008002b04       0xa4 ./Drivers/STM32L4xx_HAL_Driver/Src/stm32l4xx_hal_uart.o
                0x0000000008002b04                HAL_UART_Transmit
 .text.HAL_UART_Receive
                0x0000000008002ba8       0xda ./Drivers/STM32L4xx_HAL_Driver/Src/stm32l4xx_hal_uart.o
                0x0000000008002ba8                HAL_UART_Receive
 .text.UART_CheckIdleState
                0x0000000008002c82       0xb4 ./Drivers/STM32L4xx_HAL_Driver/Src/stm32l4xx_hal_uart.o
                0x0000000008002c82                UART_CheckIdleState
 .text.HAL_UART_Init
                0x0000000008002d36       0x5c ./Drivers/STM32L4xx_HAL_Driver/Src/stm32l4xx_hal_uart.o
                0x0000000008002d36                HAL_UART_Init
 *fill*         0x0000000008002d92        0x2 
 .text.write_callback
                0x0000000008002d94       0x40 ./X-CUBE-AI/App/aiPbIO.o
 .text.read_callback
                0x0000000008002dd4       0x94 ./X-CUBE-AI/App/aiPbIO.o
 .text.pb_io_flush_ostream
                0x0000000008002e68       0x20 ./X-CUBE-AI/App/aiPbIO.o
                0x0000000008002e68                pb_io_flush_ostream
 .text.pb_io_flush_istream
                0x0000000008002e88       0x18 ./X-CUBE-AI/App/aiPbIO.o
                0x0000000008002e88                pb_io_flush_istream
 .text.pb_io_ostream
                0x0000000008002ea0       0x1c ./X-CUBE-AI/App/aiPbIO.o
                0x0000000008002ea0                pb_io_ostream
 .text.pb_io_istream
                0x0000000008002ebc       0x18 ./X-CUBE-AI/App/aiPbIO.o
                0x0000000008002ebc                pb_io_istream
 .text.pb_io_stream_init
                0x0000000008002ed4        0xa ./X-CUBE-AI/App/aiPbIO.o
                0x0000000008002ed4                pb_io_stream_init
 .text.encode_uint32
                0x0000000008002ede       0x56 ./X-CUBE-AI/App/aiPbMgr.o
                0x0000000008002ede                encode_uint32
 .text.encode_data_cb
                0x0000000008002f34       0x1e ./X-CUBE-AI/App/aiPbMgr.o
                0x0000000008002f34                encode_data_cb
 .text.decode_data_cb
                0x0000000008002f52       0x3e ./X-CUBE-AI/App/aiPbMgr.o
 .text.aiPbMgrInit
                0x0000000008002f90       0x74 ./X-CUBE-AI/App/aiPbMgr.o
                0x0000000008002f90                aiPbMgrInit
 .text.aiPbStrCopy
                0x0000000008003004       0x4c ./X-CUBE-AI/App/aiPbMgr.o
                0x0000000008003004                aiPbStrCopy
 .text.encode_tensor_desc
                0x0000000008003050       0x68 ./X-CUBE-AI/App/aiPbMgr.o
                0x0000000008003050                encode_tensor_desc
 .text.aiPbMgrSendResp
                0x00000000080030b8       0x24 ./X-CUBE-AI/App/aiPbMgr.o
                0x00000000080030b8                aiPbMgrSendResp
 .text.aiPbMgrWaitAndProcess
                0x00000000080030dc       0x84 ./X-CUBE-AI/App/aiPbMgr.o
                0x00000000080030dc                aiPbMgrWaitAndProcess
 .text.aiPbMgrSendAck
                0x0000000008003160       0x14 ./X-CUBE-AI/App/aiPbMgr.o
                0x0000000008003160                aiPbMgrSendAck
 .text.aiPbMgrWaitAck
                0x0000000008003174       0x2c ./X-CUBE-AI/App/aiPbMgr.o
                0x0000000008003174                aiPbMgrWaitAck
 .text.aiPbMgrSendLogV2
                0x00000000080031a0       0x70 ./X-CUBE-AI/App/aiPbMgr.o
                0x00000000080031a0                aiPbMgrSendLogV2
 .text.aiPbMgrReceiveData
                0x0000000008003210       0x34 ./X-CUBE-AI/App/aiPbMgr.o
                0x0000000008003210                aiPbMgrReceiveData
 .text.aiPbMgrSendOperator
                0x0000000008003244       0x6c ./X-CUBE-AI/App/aiPbMgr.o
                0x0000000008003244                aiPbMgrSendOperator
 .text.aiPbCmdSync
                0x00000000080032b0       0x22 ./X-CUBE-AI/App/aiPbMgr.o
                0x00000000080032b0                aiPbCmdSync
 *fill*         0x00000000080032d2        0x2 
 .text.aiPlatformVersion
                0x00000000080032d4       0x2c ./X-CUBE-AI/App/aiTestHelper.o
                0x00000000080032d4                aiPlatformVersion
 .text.aiLogErr
                0x0000000008003300       0x2c ./X-CUBE-AI/App/aiTestHelper.o
                0x0000000008003300                aiLogErr
 .text.aiPrintBufferInfo
                0x000000000800332c      0x1f0 ./X-CUBE-AI/App/aiTestHelper.o
                0x000000000800332c                aiPrintBufferInfo
 .text.aiPrintNetworkInfo
                0x000000000800351c      0x170 ./X-CUBE-AI/App/aiTestHelper.o
                0x000000000800351c                aiPrintNetworkInfo
 .text._put_c_buffer_cb
                0x000000000800368c       0x1c ./X-CUBE-AI/App/aiTestUtility.o
 .text._put_c_driver
                0x00000000080036a8       0x2c ./X-CUBE-AI/App/aiTestUtility.o
 .text.ioRawWriteBuffer
                0x00000000080036d4       0x1c ./X-CUBE-AI/App/aiTestUtility.o
                0x00000000080036d4                ioRawWriteBuffer
 .text.ioRawReadBuffer
                0x00000000080036f0       0x1c ./X-CUBE-AI/App/aiTestUtility.o
                0x00000000080036f0                ioRawReadBuffer
 .text.ioRawDisableLLWrite
                0x000000000800370c        0xc ./X-CUBE-AI/App/aiTestUtility.o
                0x000000000800370c                ioRawDisableLLWrite
 .text._write   0x0000000008003718       0x40 ./X-CUBE-AI/App/aiTestUtility.o
                0x0000000008003718                _write
 .text.lc_print
                0x0000000008003758       0x24 ./X-CUBE-AI/App/aiTestUtility.o
                0x0000000008003758                lc_print
 .text.lc_vsnprint
                0x000000000800377c       0x20 ./X-CUBE-AI/App/aiTestUtility.o
                0x000000000800377c                lc_vsnprint
 .text.__wrap_malloc
                0x000000000800379c       0x50 ./X-CUBE-AI/App/aiTestUtility.o
                0x000000000800379c                __wrap_malloc
 .text.dwtCyclesToTime
                0x00000000080037ec       0x78 ./X-CUBE-AI/App/aiTestUtility.o
                0x00000000080037ec                dwtCyclesToTime
 .text.dwtCyclesToFloatMs
                0x0000000008003864       0x3c ./X-CUBE-AI/App/aiTestUtility.o
                0x0000000008003864                dwtCyclesToFloatMs
 .text.getFlashCacheConf
                0x00000000080038a0       0x3c ./X-CUBE-AI/App/aiTestUtility.o
                0x00000000080038a0                getFlashCacheConf
 .text.getSysConf.part.0
                0x00000000080038dc       0x24 ./X-CUBE-AI/App/aiTestUtility.o
 .text.getSysConf
                0x0000000008003900        0x8 ./X-CUBE-AI/App/aiTestUtility.o
                0x0000000008003900                getSysConf
 .text.systemSettingLog
                0x0000000008003908      0x12c ./X-CUBE-AI/App/aiTestUtility.o
                0x0000000008003908                systemSettingLog
 .text.aiPbCmdSysInfo
                0x0000000008003a34       0x30 ./X-CUBE-AI/App/aiValidation.o
                0x0000000008003a34                aiPbCmdSysInfo
 .text.encode_mempool_to_tensor_desc
                0x0000000008003a64       0x4c ./X-CUBE-AI/App/aiValidation.o
 .text.fill_tensor_desc_msg
                0x0000000008003ab0       0x94 ./X-CUBE-AI/App/aiValidation.o
 .text.encode_ai_buffer_to_tensor_desc
                0x0000000008003b44       0x22 ./X-CUBE-AI/App/aiValidation.o
 .text._get_buffer_size
                0x0000000008003b66       0x1a ./X-CUBE-AI/App/aiValidation.o
 .text.cyclesCounterStart
                0x0000000008003b80       0x20 ./X-CUBE-AI/App/aiValidation.o
 .text.cyclesCounterEnd
                0x0000000008003ba0       0x4c ./X-CUBE-AI/App/aiValidation.o
 .text.aiExecCtx
                0x0000000008003bec       0x50 ./X-CUBE-AI/App/aiValidation.o
 .text.send_ai_io_tensor.isra.0
                0x0000000008003c3c       0x74 ./X-CUBE-AI/App/aiValidation.o
 .text.aiOnExecNode_cb
                0x0000000008003cb0      0x19c ./X-CUBE-AI/App/aiValidation.o
 .text.aiPbCmdNNInfo
                0x0000000008003e4c      0x194 ./X-CUBE-AI/App/aiValidation.o
                0x0000000008003e4c                aiPbCmdNNInfo
 .text._print_debug
                0x0000000008003fe0       0x48 ./X-CUBE-AI/App/aiValidation.o
                0x0000000008003fe0                _print_debug
 .text.aiPbCmdNNRun
                0x0000000008004028      0x2c0 ./X-CUBE-AI/App/aiValidation.o
                0x0000000008004028                aiPbCmdNNRun
 .text.aiValidationInit
                0x00000000080042e8       0x90 ./X-CUBE-AI/App/aiValidation.o
                0x00000000080042e8                aiValidationInit
 .text.aiValidationProcess
                0x0000000008004378      0x1e8 ./X-CUBE-AI/App/aiValidation.o
                0x0000000008004378                aiValidationProcess
 .text.port_hal_crc_ip_init_imp
                0x0000000008004560       0x20 ./X-CUBE-AI/App/ai_device_adaptor.o
                0x0000000008004560                port_hal_crc_ip_init_imp
 .text.port_dwt_init_imp
                0x0000000008004580       0x28 ./X-CUBE-AI/App/ai_device_adaptor.o
                0x0000000008004580                port_dwt_init_imp
 .text.ai_mnetwork_handle
                0x00000000080045a8       0x1c ./X-CUBE-AI/App/app_x-cube-ai.o
 .text.ai_mnetwork_is_valid.constprop.0
                0x00000000080045c4       0x28 ./X-CUBE-AI/App/app_x-cube-ai.o
 .text.MX_X_CUBE_AI_Init
                0x00000000080045ec        0xe ./X-CUBE-AI/App/app_x-cube-ai.o
                0x00000000080045ec                MX_X_CUBE_AI_Init
 .text.MX_X_CUBE_AI_Process
                0x00000000080045fa        0x4 ./X-CUBE-AI/App/app_x-cube-ai.o
                0x00000000080045fa                MX_X_CUBE_AI_Process
 *fill*         0x00000000080045fe        0x2 
 .text.ai_mnetwork_find
                0x0000000008004600       0x1c ./X-CUBE-AI/App/app_x-cube-ai.o
                0x0000000008004600                ai_mnetwork_find
 .text.ai_mnetwork_create
                0x000000000800461c       0x54 ./X-CUBE-AI/App/app_x-cube-ai.o
                0x000000000800461c                ai_mnetwork_create
 .text.ai_mnetwork_destroy
                0x0000000008004670       0x30 ./X-CUBE-AI/App/app_x-cube-ai.o
                0x0000000008004670                ai_mnetwork_destroy
 .text.ai_mnetwork_get_report
                0x00000000080046a0       0x16 ./X-CUBE-AI/App/app_x-cube-ai.o
                0x00000000080046a0                ai_mnetwork_get_report
 .text.ai_mnetwork_get_error
                0x00000000080046b6       0x1a ./X-CUBE-AI/App/app_x-cube-ai.o
                0x00000000080046b6                ai_mnetwork_get_error
 .text.ai_mnetwork_init
                0x00000000080046d0       0x3e ./X-CUBE-AI/App/app_x-cube-ai.o
                0x00000000080046d0                ai_mnetwork_init
 .text.ai_mnetwork_run
                0x000000000800470e       0x22 ./X-CUBE-AI/App/app_x-cube-ai.o
                0x000000000800470e                ai_mnetwork_run
 .text.ai_mnetwork_get_private_handle
                0x0000000008004730       0x34 ./X-CUBE-AI/App/app_x-cube-ai.o
                0x0000000008004730                ai_mnetwork_get_private_handle
 .text._write_number
                0x0000000008004764      0x128 ./X-CUBE-AI/App/lc_print.o
 .text.vlc_print
                0x000000000800488c      0x4a8 ./X-CUBE-AI/App/lc_print.o
                0x000000000800488c                vlc_print
 .text.ai_network_get_report
                0x0000000008004d34       0x9c ./X-CUBE-AI/App/network.o
                0x0000000008004d34                ai_network_get_report
 .text.ai_network_get_error
                0x0000000008004dd0        0x4 ./X-CUBE-AI/App/network.o
                0x0000000008004dd0                ai_network_get_error
 .text.ai_network_create
                0x0000000008004dd4       0x1c ./X-CUBE-AI/App/network.o
                0x0000000008004dd4                ai_network_create
 .text.ai_network_destroy
                0x0000000008004df0        0x4 ./X-CUBE-AI/App/network.o
                0x0000000008004df0                ai_network_destroy
 .text.ai_network_init
                0x0000000008004df4      0x128 ./X-CUBE-AI/App/network.o
                0x0000000008004df4                ai_network_init
 .text.ai_network_run
                0x0000000008004f1c        0x4 ./X-CUBE-AI/App/network.o
                0x0000000008004f1c                ai_network_run
 .text.ai_network_forward
                0x0000000008004f20        0x6 ./X-CUBE-AI/App/network.o
                0x0000000008004f20                ai_network_forward
 *fill*         0x0000000008004f26        0x2 
 .text.ai_network_data_params_get
                0x0000000008004f28       0x30 ./X-CUBE-AI/App/network_data.o
                0x0000000008004f28                ai_network_data_params_get
 .text.pb_field_iter_begin
                0x0000000008004f58       0x24 ./X-CUBE-AI/App/pb_common.o
                0x0000000008004f58                pb_field_iter_begin
 .text.pb_field_iter_next
                0x0000000008004f7c       0x82 ./X-CUBE-AI/App/pb_common.o
                0x0000000008004f7c                pb_field_iter_next
 .text.pb_field_iter_find
                0x0000000008004ffe       0x2e ./X-CUBE-AI/App/pb_common.o
                0x0000000008004ffe                pb_field_iter_find
 .text.buf_read
                0x000000000800502c       0x1e ./X-CUBE-AI/App/pb_decode.o
 .text.pb_field_set_to_default
                0x000000000800504a       0xb8 ./X-CUBE-AI/App/pb_decode.o
 .text.pb_message_set_to_defaults
                0x0000000008005102       0x22 ./X-CUBE-AI/App/pb_decode.o
 .text.pb_readbyte
                0x0000000008005124       0x40 ./X-CUBE-AI/App/pb_decode.o
 .text.pb_decode_varint32_eof
                0x0000000008005164       0x9c ./X-CUBE-AI/App/pb_decode.o
 .text.pb_read  0x0000000008005200       0x78 ./X-CUBE-AI/App/pb_decode.o
                0x0000000008005200                pb_read
 .text.pb_decode_varint32
                0x0000000008005278        0x6 ./X-CUBE-AI/App/pb_decode.o
                0x0000000008005278                pb_decode_varint32
 *fill*         0x000000000800527e        0x2 
 .text.pb_dec_fixed_length_bytes
                0x0000000008005280       0x60 ./X-CUBE-AI/App/pb_decode.o
 .text.pb_dec_string
                0x00000000080052e0       0x6c ./X-CUBE-AI/App/pb_decode.o
 .text.pb_dec_bytes
                0x000000000800534c       0x60 ./X-CUBE-AI/App/pb_decode.o
 .text.pb_decode_varint
                0x00000000080053ac       0x6c ./X-CUBE-AI/App/pb_decode.o
                0x00000000080053ac                pb_decode_varint
 .text.pb_dec_uvarint
                0x0000000008005418       0x74 ./X-CUBE-AI/App/pb_decode.o
 .text.pb_dec_varint
                0x000000000800548c       0x6c ./X-CUBE-AI/App/pb_decode.o
 .text.pb_decode_tag
                0x00000000080054f8       0x34 ./X-CUBE-AI/App/pb_decode.o
                0x00000000080054f8                pb_decode_tag
 .text.pb_skip_field
                0x000000000800552c       0x60 ./X-CUBE-AI/App/pb_decode.o
                0x000000000800552c                pb_skip_field
 .text.pb_make_string_substream
                0x000000000800558c       0x40 ./X-CUBE-AI/App/pb_decode.o
                0x000000000800558c                pb_make_string_substream
 .text.pb_close_string_substream
                0x00000000080055cc       0x24 ./X-CUBE-AI/App/pb_decode.o
                0x00000000080055cc                pb_close_string_substream
 .text.decode_field
                0x00000000080055f0      0x200 ./X-CUBE-AI/App/pb_decode.o
 .text.pb_decode_noinit
                0x00000000080057f0      0x218 ./X-CUBE-AI/App/pb_decode.o
                0x00000000080057f0                pb_decode_noinit
 .text.pb_decode
                0x0000000008005a08       0x20 ./X-CUBE-AI/App/pb_decode.o
                0x0000000008005a08                pb_decode
 .text.pb_dec_submessage
                0x0000000008005a28       0x60 ./X-CUBE-AI/App/pb_decode.o
 .text.pb_decode_delimited
                0x0000000008005a88       0x30 ./X-CUBE-AI/App/pb_decode.o
                0x0000000008005a88                pb_decode_delimited
 .text.pb_decode_svarint
                0x0000000008005ab8       0x2a ./X-CUBE-AI/App/pb_decode.o
                0x0000000008005ab8                pb_decode_svarint
 *fill*         0x0000000008005ae2        0x2 
 .text.pb_dec_svarint
                0x0000000008005ae4       0x70 ./X-CUBE-AI/App/pb_decode.o
 .text.pb_decode_fixed32
                0x0000000008005b54       0x18 ./X-CUBE-AI/App/pb_decode.o
                0x0000000008005b54                pb_decode_fixed32
 .text.pb_dec_fixed32
                0x0000000008005b6c        0x6 ./X-CUBE-AI/App/pb_decode.o
 .text.pb_decode_fixed64
                0x0000000008005b72       0x1a ./X-CUBE-AI/App/pb_decode.o
                0x0000000008005b72                pb_decode_fixed64
 .text.pb_dec_fixed64
                0x0000000008005b8c        0x6 ./X-CUBE-AI/App/pb_decode.o
 .text.pb_check_proto3_default_value
                0x0000000008005b92       0x98 ./X-CUBE-AI/App/pb_encode.o
 *fill*         0x0000000008005c2a        0x2 
 .text.pb_write
                0x0000000008005c2c       0x48 ./X-CUBE-AI/App/pb_encode.o
                0x0000000008005c2c                pb_write
 .text.pb_encode_varint
                0x0000000008005c74       0x56 ./X-CUBE-AI/App/pb_encode.o
                0x0000000008005c74                pb_encode_varint
 *fill*         0x0000000008005cca        0x2 
 .text.pb_enc_uvarint
                0x0000000008005ccc       0x40 ./X-CUBE-AI/App/pb_encode.o
 .text.pb_enc_varint
                0x0000000008005d0c       0x44 ./X-CUBE-AI/App/pb_encode.o
 .text.pb_encode_svarint
                0x0000000008005d50       0x12 ./X-CUBE-AI/App/pb_encode.o
                0x0000000008005d50                pb_encode_svarint
 *fill*         0x0000000008005d62        0x2 
 .text.pb_enc_svarint
                0x0000000008005d64       0x44 ./X-CUBE-AI/App/pb_encode.o
 .text.pb_encode_fixed32
                0x0000000008005da8       0x16 ./X-CUBE-AI/App/pb_encode.o
                0x0000000008005da8                pb_encode_fixed32
 .text.pb_enc_fixed32
                0x0000000008005dbe        0x6 ./X-CUBE-AI/App/pb_encode.o
 .text.pb_encode_fixed64
                0x0000000008005dc4       0x2c ./X-CUBE-AI/App/pb_encode.o
                0x0000000008005dc4                pb_encode_fixed64
 .text.pb_enc_fixed64
                0x0000000008005df0        0x6 ./X-CUBE-AI/App/pb_encode.o
 .text.pb_encode_tag
                0x0000000008005df6        0xc ./X-CUBE-AI/App/pb_encode.o
                0x0000000008005df6                pb_encode_tag
 *fill*         0x0000000008005e02        0x2 
 .text.pb_encode_tag_for_field
                0x0000000008005e04       0x44 ./X-CUBE-AI/App/pb_encode.o
                0x0000000008005e04                pb_encode_tag_for_field
 .text.encode_field
                0x0000000008005e48      0x208 ./X-CUBE-AI/App/pb_encode.o
 .text.pb_encode
                0x0000000008006050       0x68 ./X-CUBE-AI/App/pb_encode.o
                0x0000000008006050                pb_encode
 .text.pb_encode_string
                0x00000000080060b8       0x24 ./X-CUBE-AI/App/pb_encode.o
                0x00000000080060b8                pb_encode_string
 .text.pb_enc_fixed_length_bytes
                0x00000000080060dc        0xc ./X-CUBE-AI/App/pb_encode.o
 .text.pb_enc_string
                0x00000000080060e8       0x2e ./X-CUBE-AI/App/pb_encode.o
 *fill*         0x0000000008006116        0x2 
 .text.pb_enc_bytes
                0x0000000008006118       0x40 ./X-CUBE-AI/App/pb_encode.o
 .text.pb_encode_submessage
                0x0000000008006158       0x98 ./X-CUBE-AI/App/pb_encode.o
                0x0000000008006158                pb_encode_submessage
 .text.pb_enc_submessage
                0x00000000080061f0       0x20 ./X-CUBE-AI/App/pb_encode.o
 .text.ai_version_get
                0x0000000008006210        0xc ../Middlewares/ST/AI/Lib\NetworkRuntime810_CM4_GCC.a(ai_datatypes_internal.o)
                0x0000000008006210                ai_version_get
 .text.ai_platform_version_get
                0x000000000800621c       0x24 ../Middlewares/ST/AI/Lib\NetworkRuntime810_CM4_GCC.a(ai_datatypes_internal.o)
                0x000000000800621c                ai_platform_version_get
 .text.get_tensor_size
                0x0000000008006240       0x28 ../Middlewares/ST/AI/Lib\NetworkRuntime810_CM4_GCC.a(ai_datatypes_internal.o)
                0x0000000008006240                get_tensor_size
 .text.get_tensor_byte_size
                0x0000000008006268       0x30 ../Middlewares/ST/AI/Lib\NetworkRuntime810_CM4_GCC.a(ai_datatypes_internal.o)
                0x0000000008006268                get_tensor_byte_size
 .text.ai_buffer_get_size
                0x0000000008006298       0x68 ../Middlewares/ST/AI/Lib\NetworkRuntime810_CM4_GCC.a(ai_platform.o)
                0x0000000008006298                ai_buffer_get_size
 .text.ai_buffer_get_byte_size
                0x0000000008006300       0x10 ../Middlewares/ST/AI/Lib\NetworkRuntime810_CM4_GCC.a(ai_platform.o)
                0x0000000008006300                ai_buffer_get_byte_size
 .text.ai_buffer_array_sane
                0x0000000008006310       0x14 ../Middlewares/ST/AI/Lib\NetworkRuntime810_CM4_GCC.a(ai_platform.o)
                0x0000000008006310                ai_buffer_array_sane
 .text.ai_buffer_array_item_set_address
                0x0000000008006324       0x20 ../Middlewares/ST/AI/Lib\NetworkRuntime810_CM4_GCC.a(ai_platform.o)
                0x0000000008006324                ai_buffer_array_item_set_address
 .text._platform_observer_node_exec_cb
                0x0000000008006344      0x118 ../Middlewares/ST/AI/Lib\NetworkRuntime810_CM4_GCC.a(ai_platform_interface.o)
 .text._ai_platform_acquire_crc
                0x000000000800645c        0x4 ../Middlewares/ST/AI/Lib\NetworkRuntime810_CM4_GCC.a(ai_platform_interface.o)
                0x000000000800645c                _ai_platform_acquire_crc
 .text._ai_platform_release_crc
                0x0000000008006460        0x4 ../Middlewares/ST/AI/Lib\NetworkRuntime810_CM4_GCC.a(ai_platform_interface.o)
                0x0000000008006460                _ai_platform_release_crc
 .text.ai_platform_get_weights_map
                0x0000000008006464       0xa8 ../Middlewares/ST/AI/Lib\NetworkRuntime810_CM4_GCC.a(ai_platform_interface.o)
                0x0000000008006464                ai_platform_get_weights_map
 .text.ai_platform_get_activations_map
                0x000000000800650c       0xa8 ../Middlewares/ST/AI/Lib\NetworkRuntime810_CM4_GCC.a(ai_platform_interface.o)
                0x000000000800650c                ai_platform_get_activations_map
 .text.ai_platform_bind_network_params
                0x00000000080065b4       0x44 ../Middlewares/ST/AI/Lib\NetworkRuntime810_CM4_GCC.a(ai_platform_interface.o)
                0x00000000080065b4                ai_platform_bind_network_params
 .text.ai_platform_runtime_get_revision
                0x00000000080065f8       0x70 ../Middlewares/ST/AI/Lib\NetworkRuntime810_CM4_GCC.a(ai_platform_interface.o)
                0x00000000080065f8                ai_platform_runtime_get_revision
 .text.ai_platform_runtime_get_version
                0x0000000008006668       0x98 ../Middlewares/ST/AI/Lib\NetworkRuntime810_CM4_GCC.a(ai_platform_interface.o)
                0x0000000008006668                ai_platform_runtime_get_version
 .text.ai_platform_api_get_version
                0x0000000008006700       0x98 ../Middlewares/ST/AI/Lib\NetworkRuntime810_CM4_GCC.a(ai_platform_interface.o)
                0x0000000008006700                ai_platform_api_get_version
 .text.ai_platform_interface_api_get_version
                0x0000000008006798       0x98 ../Middlewares/ST/AI/Lib\NetworkRuntime810_CM4_GCC.a(ai_platform_interface.o)
                0x0000000008006798                ai_platform_interface_api_get_version
 .text.ai_platform_context_acquire
                0x0000000008006830       0x80 ../Middlewares/ST/AI/Lib\NetworkRuntime810_CM4_GCC.a(ai_platform_interface.o)
                0x0000000008006830                ai_platform_context_acquire
 .text.ai_platform_network_get_error
                0x00000000080068b0       0xdc ../Middlewares/ST/AI/Lib\NetworkRuntime810_CM4_GCC.a(ai_platform_interface.o)
                0x00000000080068b0                ai_platform_network_get_error
 .text.ai_platform_network_set_error
                0x000000000800698c        0xc ../Middlewares/ST/AI/Lib\NetworkRuntime810_CM4_GCC.a(ai_platform_interface.o)
                0x000000000800698c                ai_platform_network_set_error
 .text.ai_platform_api_get_network_report
                0x0000000008006998      0x57c ../Middlewares/ST/AI/Lib\NetworkRuntime810_CM4_GCC.a(ai_platform_interface.o)
                0x0000000008006998                ai_platform_api_get_network_report
 .text.ai_platform_network_create
                0x0000000008006f14      0x1ac ../Middlewares/ST/AI/Lib\NetworkRuntime810_CM4_GCC.a(ai_platform_interface.o)
                0x0000000008006f14                ai_platform_network_create
 .text.ai_platform_network_destroy
                0x00000000080070c0       0xd8 ../Middlewares/ST/AI/Lib\NetworkRuntime810_CM4_GCC.a(ai_platform_interface.o)
                0x00000000080070c0                ai_platform_network_destroy
 .text.ai_platform_network_init
                0x0000000008007198      0x1dc ../Middlewares/ST/AI/Lib\NetworkRuntime810_CM4_GCC.a(ai_platform_interface.o)
                0x0000000008007198                ai_platform_network_init
 .text.ai_platform_network_post_init
                0x0000000008007374      0x110 ../Middlewares/ST/AI/Lib\NetworkRuntime810_CM4_GCC.a(ai_platform_interface.o)
                0x0000000008007374                ai_platform_network_post_init
 .text.ai_platform_network_process
                0x0000000008007484      0x508 ../Middlewares/ST/AI/Lib\NetworkRuntime810_CM4_GCC.a(ai_platform_interface.o)
                0x0000000008007484                ai_platform_network_process
 .text.ai_platform_observer_register_s
                0x000000000800798c      0x12c ../Middlewares/ST/AI/Lib\NetworkRuntime810_CM4_GCC.a(ai_platform_interface.o)
                0x000000000800798c                ai_platform_observer_register_s
 .text.ai_platform_observer_unregister_s
                0x0000000008007ab8       0xec ../Middlewares/ST/AI/Lib\NetworkRuntime810_CM4_GCC.a(ai_platform_interface.o)
                0x0000000008007ab8                ai_platform_observer_unregister_s
 .text.core_init
                0x0000000008007ba4        0x4 ../Middlewares/ST/AI/Lib\NetworkRuntime810_CM4_GCC.a(core_common.o)
                0x0000000008007ba4                core_init
 .text.core_get_error
                0x0000000008007ba8        0xc ../Middlewares/ST/AI/Lib\NetworkRuntime810_CM4_GCC.a(core_common.o)
                0x0000000008007ba8                core_get_error
 .text.core_set_error
                0x0000000008007bb4       0x18 ../Middlewares/ST/AI/Lib\NetworkRuntime810_CM4_GCC.a(core_common.o)
                0x0000000008007bb4                core_set_error
 .text.ai_check_custom_types
                0x0000000008007bcc       0x54 ../Middlewares/ST/AI/Lib\NetworkRuntime810_CM4_GCC.a(layers.o)
                0x0000000008007bcc                ai_check_custom_types
 .text.ai_layers_init_all
                0x0000000008007c20       0x1c ../Middlewares/ST/AI/Lib\NetworkRuntime810_CM4_GCC.a(layers.o)
                0x0000000008007c20                ai_layers_init_all
 .text.ai_layers_post_init_all
                0x0000000008007c3c       0x28 ../Middlewares/ST/AI/Lib\NetworkRuntime810_CM4_GCC.a(layers.o)
                0x0000000008007c3c                ai_layers_post_init_all
 .text.ai_layers_forward_all
                0x0000000008007c64       0x94 ../Middlewares/ST/AI/Lib\NetworkRuntime810_CM4_GCC.a(layers.o)
                0x0000000008007c64                ai_layers_forward_all
 .text.ai_layers_destroy_all
                0x0000000008007cf8       0x28 ../Middlewares/ST/AI/Lib\NetworkRuntime810_CM4_GCC.a(layers.o)
                0x0000000008007cf8                ai_layers_destroy_all
 .text.forward_dense
                0x0000000008007d20      0x54c ../Middlewares/ST/AI/Lib\NetworkRuntime810_CM4_GCC.a(layers_conv2d_generic_float.o)
                0x0000000008007d20                forward_dense
 .text.nl_func_sigmoid_array_f32
                0x000000000800826c       0x50 ../Middlewares/ST/AI/Lib\NetworkRuntime810_CM4_GCC.a(layers_nl_generic_float.o)
                0x000000000800826c                nl_func_sigmoid_array_f32
 .text.nl_func_relu_array_f32
                0x00000000080082bc       0x4c ../Middlewares/ST/AI/Lib\NetworkRuntime810_CM4_GCC.a(layers_nl_generic_float.o)
                0x00000000080082bc                nl_func_relu_array_f32
 .text.array_f32_identity
                0x0000000008008308       0x14 ../Middlewares/ST/AI/Lib\NetworkRuntime810_CM4_GCC.a(layers_rnn_generic_float.o)
 .text.forward_lstm
                0x000000000800831c     0x1874 ../Middlewares/ST/AI/Lib\NetworkRuntime810_CM4_GCC.a(layers_rnn_generic_float.o)
                0x000000000800831c                forward_lstm
 .text.forward_lite_dense_if32of32wf32
                0x0000000008009b90      0x248 ../Middlewares/ST/AI/Lib\NetworkRuntime810_CM4_GCC.a(lite_dense_if32.o)
                0x0000000008009b90                forward_lite_dense_if32of32wf32
 .text.st_int8_fill
                0x0000000008009dd8       0xb8 ../Middlewares/ST/AI/Lib\NetworkRuntime810_CM4_GCC.a(st_int8_fill.o)
                0x0000000008009dd8                st_int8_fill
 .text.st_int8_copy
                0x0000000008009e90      0x10c ../Middlewares/ST/AI/Lib\NetworkRuntime810_CM4_GCC.a(st_int8_fill.o)
                0x0000000008009e90                st_int8_copy
 .text.ai_array_to_buffer_fmt
                0x0000000008009f9c       0xd8 ../Middlewares/ST/AI/Lib\NetworkRuntime810_CM4_GCC.a(ai_datatypes_format.o)
                0x0000000008009f9c                ai_array_to_buffer_fmt
 .text.ai_array_get_byte_size
                0x000000000800a074       0x50 ../Middlewares/ST/AI/Lib\NetworkRuntime810_CM4_GCC.a(ai_datatypes_format.o)
                0x000000000800a074                ai_array_get_byte_size
 .text.ai_array_get_data_byte_size
                0x000000000800a0c4       0x24 ../Middlewares/ST/AI/Lib\NetworkRuntime810_CM4_GCC.a(ai_datatypes_format.o)
                0x000000000800a0c4                ai_array_get_data_byte_size
 .text.malloc   0x000000000800a0e8       0x10 C:/ST/STM32CubeIDE_1.14.1/STM32CubeIDE/plugins/com.st.stm32cube.ide.mcu.externaltools.gnu-tools-for-stm32.11.3.rel1.win32_1.1.100.202309141235/tools/bin/../lib/gcc/arm-none-eabi/11.3.1/../../../../arm-none-eabi/lib/thumb/v7e-m+fp/hard\libc_nano.a(libc_a-malloc.o)
                0x000000000800a0e8                malloc
 .text.sbrk_aligned
                0x000000000800a0f8       0x40 C:/ST/STM32CubeIDE_1.14.1/STM32CubeIDE/plugins/com.st.stm32cube.ide.mcu.externaltools.gnu-tools-for-stm32.11.3.rel1.win32_1.1.100.202309141235/tools/bin/../lib/gcc/arm-none-eabi/11.3.1/../../../../arm-none-eabi/lib/thumb/v7e-m+fp/hard\libc_nano.a(libc_a-mallocr.o)
 .text._malloc_r
                0x000000000800a138      0x100 C:/ST/STM32CubeIDE_1.14.1/STM32CubeIDE/plugins/com.st.stm32cube.ide.mcu.externaltools.gnu-tools-for-stm32.11.3.rel1.win32_1.1.100.202309141235/tools/bin/../lib/gcc/arm-none-eabi/11.3.1/../../../../arm-none-eabi/lib/thumb/v7e-m+fp/hard\libc_nano.a(libc_a-mallocr.o)
                0x000000000800a138                _malloc_r
 .text.__malloc_lock
                0x000000000800a238        0xc C:/ST/STM32CubeIDE_1.14.1/STM32CubeIDE/plugins/com.st.stm32cube.ide.mcu.externaltools.gnu-tools-for-stm32.11.3.rel1.win32_1.1.100.202309141235/tools/bin/../lib/gcc/arm-none-eabi/11.3.1/../../../../arm-none-eabi/lib/thumb/v7e-m+fp/hard\libc_nano.a(libc_a-mlock.o)
                0x000000000800a238                __malloc_lock
 .text.__malloc_unlock
                0x000000000800a244        0xc C:/ST/STM32CubeIDE_1.14.1/STM32CubeIDE/plugins/com.st.stm32cube.ide.mcu.externaltools.gnu-tools-for-stm32.11.3.rel1.win32_1.1.100.202309141235/tools/bin/../lib/gcc/arm-none-eabi/11.3.1/../../../../arm-none-eabi/lib/thumb/v7e-m+fp/hard\libc_nano.a(libc_a-mlock.o)
                0x000000000800a244                __malloc_unlock
 .text.__cvt    0x000000000800a250       0xc4 C:/ST/STM32CubeIDE_1.14.1/STM32CubeIDE/plugins/com.st.stm32cube.ide.mcu.externaltools.gnu-tools-for-stm32.11.3.rel1.win32_1.1.100.202309141235/tools/bin/../lib/gcc/arm-none-eabi/11.3.1/../../../../arm-none-eabi/lib/thumb/v7e-m+fp/hard\libc_nano.a(libc_a-nano-vfprintf_float.o)
                0x000000000800a250                __cvt
 .text.__exponent
                0x000000000800a314       0x7c C:/ST/STM32CubeIDE_1.14.1/STM32CubeIDE/plugins/com.st.stm32cube.ide.mcu.externaltools.gnu-tools-for-stm32.11.3.rel1.win32_1.1.100.202309141235/tools/bin/../lib/gcc/arm-none-eabi/11.3.1/../../../../arm-none-eabi/lib/thumb/v7e-m+fp/hard\libc_nano.a(libc_a-nano-vfprintf_float.o)
                0x000000000800a314                __exponent
 .text._printf_float
                0x000000000800a390      0x46c C:/ST/STM32CubeIDE_1.14.1/STM32CubeIDE/plugins/com.st.stm32cube.ide.mcu.externaltools.gnu-tools-for-stm32.11.3.rel1.win32_1.1.100.202309141235/tools/bin/../lib/gcc/arm-none-eabi/11.3.1/../../../../arm-none-eabi/lib/thumb/v7e-m+fp/hard\libc_nano.a(libc_a-nano-vfprintf_float.o)
                0x000000000800a390                _printf_float
 .text._printf_common
                0x000000000800a7fc       0xda C:/ST/STM32CubeIDE_1.14.1/STM32CubeIDE/plugins/com.st.stm32cube.ide.mcu.externaltools.gnu-tools-for-stm32.11.3.rel1.win32_1.1.100.202309141235/tools/bin/../lib/gcc/arm-none-eabi/11.3.1/../../../../arm-none-eabi/lib/thumb/v7e-m+fp/hard\libc_nano.a(libc_a-nano-vfprintf_i.o)
                0x000000000800a7fc                _printf_common
 *fill*         0x000000000800a8d6        0x2 
 .text._printf_i
                0x000000000800a8d8      0x244 C:/ST/STM32CubeIDE_1.14.1/STM32CubeIDE/plugins/com.st.stm32cube.ide.mcu.externaltools.gnu-tools-for-stm32.11.3.rel1.win32_1.1.100.202309141235/tools/bin/../lib/gcc/arm-none-eabi/11.3.1/../../../../arm-none-eabi/lib/thumb/v7e-m+fp/hard\libc_nano.a(libc_a-nano-vfprintf_i.o)
                0x000000000800a8d8                _printf_i
 .text.std      0x000000000800ab1c       0x6c C:/ST/STM32CubeIDE_1.14.1/STM32CubeIDE/plugins/com.st.stm32cube.ide.mcu.externaltools.gnu-tools-for-stm32.11.3.rel1.win32_1.1.100.202309141235/tools/bin/../lib/gcc/arm-none-eabi/11.3.1/../../../../arm-none-eabi/lib/thumb/v7e-m+fp/hard\libc_nano.a(libc_a-findfp.o)
 .text.stdio_exit_handler
                0x000000000800ab88       0x18 C:/ST/STM32CubeIDE_1.14.1/STM32CubeIDE/plugins/com.st.stm32cube.ide.mcu.externaltools.gnu-tools-for-stm32.11.3.rel1.win32_1.1.100.202309141235/tools/bin/../lib/gcc/arm-none-eabi/11.3.1/../../../../arm-none-eabi/lib/thumb/v7e-m+fp/hard\libc_nano.a(libc_a-findfp.o)
 .text.cleanup_stdio
                0x000000000800aba0       0x40 C:/ST/STM32CubeIDE_1.14.1/STM32CubeIDE/plugins/com.st.stm32cube.ide.mcu.externaltools.gnu-tools-for-stm32.11.3.rel1.win32_1.1.100.202309141235/tools/bin/../lib/gcc/arm-none-eabi/11.3.1/../../../../arm-none-eabi/lib/thumb/v7e-m+fp/hard\libc_nano.a(libc_a-findfp.o)
 .text.global_stdio_init.part.0
                0x000000000800abe0       0x3c C:/ST/STM32CubeIDE_1.14.1/STM32CubeIDE/plugins/com.st.stm32cube.ide.mcu.externaltools.gnu-tools-for-stm32.11.3.rel1.win32_1.1.100.202309141235/tools/bin/../lib/gcc/arm-none-eabi/11.3.1/../../../../arm-none-eabi/lib/thumb/v7e-m+fp/hard\libc_nano.a(libc_a-findfp.o)
 .text.__sfp_lock_acquire
                0x000000000800ac1c        0xc C:/ST/STM32CubeIDE_1.14.1/STM32CubeIDE/plugins/com.st.stm32cube.ide.mcu.externaltools.gnu-tools-for-stm32.11.3.rel1.win32_1.1.100.202309141235/tools/bin/../lib/gcc/arm-none-eabi/11.3.1/../../../../arm-none-eabi/lib/thumb/v7e-m+fp/hard\libc_nano.a(libc_a-findfp.o)
                0x000000000800ac1c                __sfp_lock_acquire
 .text.__sfp_lock_release
                0x000000000800ac28        0xc C:/ST/STM32CubeIDE_1.14.1/STM32CubeIDE/plugins/com.st.stm32cube.ide.mcu.externaltools.gnu-tools-for-stm32.11.3.rel1.win32_1.1.100.202309141235/tools/bin/../lib/gcc/arm-none-eabi/11.3.1/../../../../arm-none-eabi/lib/thumb/v7e-m+fp/hard\libc_nano.a(libc_a-findfp.o)
                0x000000000800ac28                __sfp_lock_release
 .text.__sinit  0x000000000800ac34       0x30 C:/ST/STM32CubeIDE_1.14.1/STM32CubeIDE/plugins/com.st.stm32cube.ide.mcu.externaltools.gnu-tools-for-stm32.11.3.rel1.win32_1.1.100.202309141235/tools/bin/../lib/gcc/arm-none-eabi/11.3.1/../../../../arm-none-eabi/lib/thumb/v7e-m+fp/hard\libc_nano.a(libc_a-findfp.o)
                0x000000000800ac34                __sinit
 .text._fwalk_sglue
                0x000000000800ac64       0x3c C:/ST/STM32CubeIDE_1.14.1/STM32CubeIDE/plugins/com.st.stm32cube.ide.mcu.externaltools.gnu-tools-for-stm32.11.3.rel1.win32_1.1.100.202309141235/tools/bin/../lib/gcc/arm-none-eabi/11.3.1/../../../../arm-none-eabi/lib/thumb/v7e-m+fp/hard\libc_nano.a(libc_a-fwalk.o)
                0x000000000800ac64                _fwalk_sglue
 .text.__sread  0x000000000800aca0       0x22 C:/ST/STM32CubeIDE_1.14.1/STM32CubeIDE/plugins/com.st.stm32cube.ide.mcu.externaltools.gnu-tools-for-stm32.11.3.rel1.win32_1.1.100.202309141235/tools/bin/../lib/gcc/arm-none-eabi/11.3.1/../../../../arm-none-eabi/lib/thumb/v7e-m+fp/hard\libc_nano.a(libc_a-stdio.o)
                0x000000000800aca0                __sread
 .text.__swrite
                0x000000000800acc2       0x38 C:/ST/STM32CubeIDE_1.14.1/STM32CubeIDE/plugins/com.st.stm32cube.ide.mcu.externaltools.gnu-tools-for-stm32.11.3.rel1.win32_1.1.100.202309141235/tools/bin/../lib/gcc/arm-none-eabi/11.3.1/../../../../arm-none-eabi/lib/thumb/v7e-m+fp/hard\libc_nano.a(libc_a-stdio.o)
                0x000000000800acc2                __swrite
 .text.__sseek  0x000000000800acfa       0x24 C:/ST/STM32CubeIDE_1.14.1/STM32CubeIDE/plugins/com.st.stm32cube.ide.mcu.externaltools.gnu-tools-for-stm32.11.3.rel1.win32_1.1.100.202309141235/tools/bin/../lib/gcc/arm-none-eabi/11.3.1/../../../../arm-none-eabi/lib/thumb/v7e-m+fp/hard\libc_nano.a(libc_a-stdio.o)
                0x000000000800acfa                __sseek
 .text.__sclose
                0x000000000800ad1e        0x8 C:/ST/STM32CubeIDE_1.14.1/STM32CubeIDE/plugins/com.st.stm32cube.ide.mcu.externaltools.gnu-tools-for-stm32.11.3.rel1.win32_1.1.100.202309141235/tools/bin/../lib/gcc/arm-none-eabi/11.3.1/../../../../arm-none-eabi/lib/thumb/v7e-m+fp/hard\libc_nano.a(libc_a-stdio.o)
                0x000000000800ad1e                __sclose
 .text.memset   0x000000000800ad26       0x10 C:/ST/STM32CubeIDE_1.14.1/STM32CubeIDE/plugins/com.st.stm32cube.ide.mcu.externaltools.gnu-tools-for-stm32.11.3.rel1.win32_1.1.100.202309141235/tools/bin/../lib/gcc/arm-none-eabi/11.3.1/../../../../arm-none-eabi/lib/thumb/v7e-m+fp/hard\libc_nano.a(libc_a-memset.o)
                0x000000000800ad26                memset
 .text.strncmp  0x000000000800ad36       0x24 C:/ST/STM32CubeIDE_1.14.1/STM32CubeIDE/plugins/com.st.stm32cube.ide.mcu.externaltools.gnu-tools-for-stm32.11.3.rel1.win32_1.1.100.202309141235/tools/bin/../lib/gcc/arm-none-eabi/11.3.1/../../../../arm-none-eabi/lib/thumb/v7e-m+fp/hard\libc_nano.a(libc_a-strncmp.o)
                0x000000000800ad36                strncmp
 *fill*         0x000000000800ad5a        0x2 
 .text._localeconv_r
                0x000000000800ad5c        0x8 C:/ST/STM32CubeIDE_1.14.1/STM32CubeIDE/plugins/com.st.stm32cube.ide.mcu.externaltools.gnu-tools-for-stm32.11.3.rel1.win32_1.1.100.202309141235/tools/bin/../lib/gcc/arm-none-eabi/11.3.1/../../../../arm-none-eabi/lib/thumb/v7e-m+fp/hard\libc_nano.a(libc_a-localeconv.o)
                0x000000000800ad5c                _localeconv_r
 .text._close_r
                0x000000000800ad64       0x20 C:/ST/STM32CubeIDE_1.14.1/STM32CubeIDE/plugins/com.st.stm32cube.ide.mcu.externaltools.gnu-tools-for-stm32.11.3.rel1.win32_1.1.100.202309141235/tools/bin/../lib/gcc/arm-none-eabi/11.3.1/../../../../arm-none-eabi/lib/thumb/v7e-m+fp/hard\libc_nano.a(libc_a-closer.o)
                0x000000000800ad64                _close_r
 .text._lseek_r
                0x000000000800ad84       0x24 C:/ST/STM32CubeIDE_1.14.1/STM32CubeIDE/plugins/com.st.stm32cube.ide.mcu.externaltools.gnu-tools-for-stm32.11.3.rel1.win32_1.1.100.202309141235/tools/bin/../lib/gcc/arm-none-eabi/11.3.1/../../../../arm-none-eabi/lib/thumb/v7e-m+fp/hard\libc_nano.a(libc_a-lseekr.o)
                0x000000000800ad84                _lseek_r
 .text._read_r  0x000000000800ada8       0x24 C:/ST/STM32CubeIDE_1.14.1/STM32CubeIDE/plugins/com.st.stm32cube.ide.mcu.externaltools.gnu-tools-for-stm32.11.3.rel1.win32_1.1.100.202309141235/tools/bin/../lib/gcc/arm-none-eabi/11.3.1/../../../../arm-none-eabi/lib/thumb/v7e-m+fp/hard\libc_nano.a(libc_a-readr.o)
                0x000000000800ada8                _read_r
 .text._sbrk_r  0x000000000800adcc       0x20 C:/ST/STM32CubeIDE_1.14.1/STM32CubeIDE/plugins/com.st.stm32cube.ide.mcu.externaltools.gnu-tools-for-stm32.11.3.rel1.win32_1.1.100.202309141235/tools/bin/../lib/gcc/arm-none-eabi/11.3.1/../../../../arm-none-eabi/lib/thumb/v7e-m+fp/hard\libc_nano.a(libc_a-sbrkr.o)
                0x000000000800adcc                _sbrk_r
 .text._write_r
                0x000000000800adec       0x24 C:/ST/STM32CubeIDE_1.14.1/STM32CubeIDE/plugins/com.st.stm32cube.ide.mcu.externaltools.gnu-tools-for-stm32.11.3.rel1.win32_1.1.100.202309141235/tools/bin/../lib/gcc/arm-none-eabi/11.3.1/../../../../arm-none-eabi/lib/thumb/v7e-m+fp/hard\libc_nano.a(libc_a-writer.o)
                0x000000000800adec                _write_r
 .text.__errno  0x000000000800ae10        0xc C:/ST/STM32CubeIDE_1.14.1/STM32CubeIDE/plugins/com.st.stm32cube.ide.mcu.externaltools.gnu-tools-for-stm32.11.3.rel1.win32_1.1.100.202309141235/tools/bin/../lib/gcc/arm-none-eabi/11.3.1/../../../../arm-none-eabi/lib/thumb/v7e-m+fp/hard\libc_nano.a(libc_a-errno.o)
                0x000000000800ae10                __errno
 .text.__libc_init_array
                0x000000000800ae1c       0x48 C:/ST/STM32CubeIDE_1.14.1/STM32CubeIDE/plugins/com.st.stm32cube.ide.mcu.externaltools.gnu-tools-for-stm32.11.3.rel1.win32_1.1.100.202309141235/tools/bin/../lib/gcc/arm-none-eabi/11.3.1/../../../../arm-none-eabi/lib/thumb/v7e-m+fp/hard\libc_nano.a(libc_a-init.o)
                0x000000000800ae1c                __libc_init_array
 .text.__retarget_lock_init_recursive
                0x000000000800ae64        0x2 C:/ST/STM32CubeIDE_1.14.1/STM32CubeIDE/plugins/com.st.stm32cube.ide.mcu.externaltools.gnu-tools-for-stm32.11.3.rel1.win32_1.1.100.202309141235/tools/bin/../lib/gcc/arm-none-eabi/11.3.1/../../../../arm-none-eabi/lib/thumb/v7e-m+fp/hard\libc_nano.a(libc_a-lock.o)
                0x000000000800ae64                __retarget_lock_init_recursive
 .text.__retarget_lock_acquire_recursive
                0x000000000800ae66        0x2 C:/ST/STM32CubeIDE_1.14.1/STM32CubeIDE/plugins/com.st.stm32cube.ide.mcu.externaltools.gnu-tools-for-stm32.11.3.rel1.win32_1.1.100.202309141235/tools/bin/../lib/gcc/arm-none-eabi/11.3.1/../../../../arm-none-eabi/lib/thumb/v7e-m+fp/hard\libc_nano.a(libc_a-lock.o)
                0x000000000800ae66                __retarget_lock_acquire_recursive
 .text.__retarget_lock_release_recursive
                0x000000000800ae68        0x2 C:/ST/STM32CubeIDE_1.14.1/STM32CubeIDE/plugins/com.st.stm32cube.ide.mcu.externaltools.gnu-tools-for-stm32.11.3.rel1.win32_1.1.100.202309141235/tools/bin/../lib/gcc/arm-none-eabi/11.3.1/../../../../arm-none-eabi/lib/thumb/v7e-m+fp/hard\libc_nano.a(libc_a-lock.o)
                0x000000000800ae68                __retarget_lock_release_recursive
 .text.memcpy   0x000000000800ae6a       0x1c C:/ST/STM32CubeIDE_1.14.1/STM32CubeIDE/plugins/com.st.stm32cube.ide.mcu.externaltools.gnu-tools-for-stm32.11.3.rel1.win32_1.1.100.202309141235/tools/bin/../lib/gcc/arm-none-eabi/11.3.1/../../../../arm-none-eabi/lib/thumb/v7e-m+fp/hard\libc_nano.a(libc_a-memcpy-stub.o)
                0x000000000800ae6a                memcpy
 .text.quorem   0x000000000800ae86      0x110 C:/ST/STM32CubeIDE_1.14.1/STM32CubeIDE/plugins/com.st.stm32cube.ide.mcu.externaltools.gnu-tools-for-stm32.11.3.rel1.win32_1.1.100.202309141235/tools/bin/../lib/gcc/arm-none-eabi/11.3.1/../../../../arm-none-eabi/lib/thumb/v7e-m+fp/hard\libc_nano.a(libc_a-dtoa.o)
 *fill*         0x000000000800af96        0x2 
 .text._dtoa_r  0x000000000800af98      0xbe4 C:/ST/STM32CubeIDE_1.14.1/STM32CubeIDE/plugins/com.st.stm32cube.ide.mcu.externaltools.gnu-tools-for-stm32.11.3.rel1.win32_1.1.100.202309141235/tools/bin/../lib/gcc/arm-none-eabi/11.3.1/../../../../arm-none-eabi/lib/thumb/v7e-m+fp/hard\libc_nano.a(libc_a-dtoa.o)
                0x000000000800af98                _dtoa_r
 .text._free_r  0x000000000800bb7c       0x98 C:/ST/STM32CubeIDE_1.14.1/STM32CubeIDE/plugins/com.st.stm32cube.ide.mcu.externaltools.gnu-tools-for-stm32.11.3.rel1.win32_1.1.100.202309141235/tools/bin/../lib/gcc/arm-none-eabi/11.3.1/../../../../arm-none-eabi/lib/thumb/v7e-m+fp/hard\libc_nano.a(libc_a-freer.o)
                0x000000000800bb7c                _free_r
 .text._Balloc  0x000000000800bc14       0x80 C:/ST/STM32CubeIDE_1.14.1/STM32CubeIDE/plugins/com.st.stm32cube.ide.mcu.externaltools.gnu-tools-for-stm32.11.3.rel1.win32_1.1.100.202309141235/tools/bin/../lib/gcc/arm-none-eabi/11.3.1/../../../../arm-none-eabi/lib/thumb/v7e-m+fp/hard\libc_nano.a(libc_a-mprec.o)
                0x000000000800bc14                _Balloc
 .text._Bfree   0x000000000800bc94       0x44 C:/ST/STM32CubeIDE_1.14.1/STM32CubeIDE/plugins/com.st.stm32cube.ide.mcu.externaltools.gnu-tools-for-stm32.11.3.rel1.win32_1.1.100.202309141235/tools/bin/../lib/gcc/arm-none-eabi/11.3.1/../../../../arm-none-eabi/lib/thumb/v7e-m+fp/hard\libc_nano.a(libc_a-mprec.o)
                0x000000000800bc94                _Bfree
 .text.__multadd
                0x000000000800bcd8       0x8c C:/ST/STM32CubeIDE_1.14.1/STM32CubeIDE/plugins/com.st.stm32cube.ide.mcu.externaltools.gnu-tools-for-stm32.11.3.rel1.win32_1.1.100.202309141235/tools/bin/../lib/gcc/arm-none-eabi/11.3.1/../../../../arm-none-eabi/lib/thumb/v7e-m+fp/hard\libc_nano.a(libc_a-mprec.o)
                0x000000000800bcd8                __multadd
 .text.__hi0bits
                0x000000000800bd64       0x40 C:/ST/STM32CubeIDE_1.14.1/STM32CubeIDE/plugins/com.st.stm32cube.ide.mcu.externaltools.gnu-tools-for-stm32.11.3.rel1.win32_1.1.100.202309141235/tools/bin/../lib/gcc/arm-none-eabi/11.3.1/../../../../arm-none-eabi/lib/thumb/v7e-m+fp/hard\libc_nano.a(libc_a-mprec.o)
                0x000000000800bd64                __hi0bits
 .text.__lo0bits
                0x000000000800bda4       0x5a C:/ST/STM32CubeIDE_1.14.1/STM32CubeIDE/plugins/com.st.stm32cube.ide.mcu.externaltools.gnu-tools-for-stm32.11.3.rel1.win32_1.1.100.202309141235/tools/bin/../lib/gcc/arm-none-eabi/11.3.1/../../../../arm-none-eabi/lib/thumb/v7e-m+fp/hard\libc_nano.a(libc_a-mprec.o)
                0x000000000800bda4                __lo0bits
 *fill*         0x000000000800bdfe        0x2 
 .text.__i2b    0x000000000800be00       0x2c C:/ST/STM32CubeIDE_1.14.1/STM32CubeIDE/plugins/com.st.stm32cube.ide.mcu.externaltools.gnu-tools-for-stm32.11.3.rel1.win32_1.1.100.202309141235/tools/bin/../lib/gcc/arm-none-eabi/11.3.1/../../../../arm-none-eabi/lib/thumb/v7e-m+fp/hard\libc_nano.a(libc_a-mprec.o)
                0x000000000800be00                __i2b
 .text.__multiply
                0x000000000800be2c      0x154 C:/ST/STM32CubeIDE_1.14.1/STM32CubeIDE/plugins/com.st.stm32cube.ide.mcu.externaltools.gnu-tools-for-stm32.11.3.rel1.win32_1.1.100.202309141235/tools/bin/../lib/gcc/arm-none-eabi/11.3.1/../../../../arm-none-eabi/lib/thumb/v7e-m+fp/hard\libc_nano.a(libc_a-mprec.o)
                0x000000000800be2c                __multiply
 .text.__pow5mult
                0x000000000800bf80       0xb4 C:/ST/STM32CubeIDE_1.14.1/STM32CubeIDE/plugins/com.st.stm32cube.ide.mcu.externaltools.gnu-tools-for-stm32.11.3.rel1.win32_1.1.100.202309141235/tools/bin/../lib/gcc/arm-none-eabi/11.3.1/../../../../arm-none-eabi/lib/thumb/v7e-m+fp/hard\libc_nano.a(libc_a-mprec.o)
                0x000000000800bf80                __pow5mult
 .text.__lshift
                0x000000000800c034       0xd8 C:/ST/STM32CubeIDE_1.14.1/STM32CubeIDE/plugins/com.st.stm32cube.ide.mcu.externaltools.gnu-tools-for-stm32.11.3.rel1.win32_1.1.100.202309141235/tools/bin/../lib/gcc/arm-none-eabi/11.3.1/../../../../arm-none-eabi/lib/thumb/v7e-m+fp/hard\libc_nano.a(libc_a-mprec.o)
                0x000000000800c034                __lshift
 .text.__mcmp   0x000000000800c10c       0x38 C:/ST/STM32CubeIDE_1.14.1/STM32CubeIDE/plugins/com.st.stm32cube.ide.mcu.externaltools.gnu-tools-for-stm32.11.3.rel1.win32_1.1.100.202309141235/tools/bin/../lib/gcc/arm-none-eabi/11.3.1/../../../../arm-none-eabi/lib/thumb/v7e-m+fp/hard\libc_nano.a(libc_a-mprec.o)
                0x000000000800c10c                __mcmp
 .text.__mdiff  0x000000000800c144      0x114 C:/ST/STM32CubeIDE_1.14.1/STM32CubeIDE/plugins/com.st.stm32cube.ide.mcu.externaltools.gnu-tools-for-stm32.11.3.rel1.win32_1.1.100.202309141235/tools/bin/../lib/gcc/arm-none-eabi/11.3.1/../../../../arm-none-eabi/lib/thumb/v7e-m+fp/hard\libc_nano.a(libc_a-mprec.o)
                0x000000000800c144                __mdiff
 .text.__d2b    0x000000000800c258       0xb4 C:/ST/STM32CubeIDE_1.14.1/STM32CubeIDE/plugins/com.st.stm32cube.ide.mcu.externaltools.gnu-tools-for-stm32.11.3.rel1.win32_1.1.100.202309141235/tools/bin/../lib/gcc/arm-none-eabi/11.3.1/../../../../arm-none-eabi/lib/thumb/v7e-m+fp/hard\libc_nano.a(libc_a-mprec.o)
                0x000000000800c258                __d2b
 .text.__sflush_r
                0x000000000800c30c      0x10c C:/ST/STM32CubeIDE_1.14.1/STM32CubeIDE/plugins/com.st.stm32cube.ide.mcu.externaltools.gnu-tools-for-stm32.11.3.rel1.win32_1.1.100.202309141235/tools/bin/../lib/gcc/arm-none-eabi/11.3.1/../../../../arm-none-eabi/lib/thumb/v7e-m+fp/hard\libc_nano.a(libc_a-fflush.o)
                0x000000000800c30c                __sflush_r
 .text._fflush_r
                0x000000000800c418       0x50 C:/ST/STM32CubeIDE_1.14.1/STM32CubeIDE/plugins/com.st.stm32cube.ide.mcu.externaltools.gnu-tools-for-stm32.11.3.rel1.win32_1.1.100.202309141235/tools/bin/../lib/gcc/arm-none-eabi/11.3.1/../../../../arm-none-eabi/lib/thumb/v7e-m+fp/hard\libc_nano.a(libc_a-fflush.o)
                0x000000000800c418                _fflush_r
 .text.__assert_func
                0x000000000800c468       0x3c C:/ST/STM32CubeIDE_1.14.1/STM32CubeIDE/plugins/com.st.stm32cube.ide.mcu.externaltools.gnu-tools-for-stm32.11.3.rel1.win32_1.1.100.202309141235/tools/bin/../lib/gcc/arm-none-eabi/11.3.1/../../../../arm-none-eabi/lib/thumb/v7e-m+fp/hard\libc_nano.a(libc_a-assert.o)
                0x000000000800c468                __assert_func
 .text._calloc_r
                0x000000000800c4a4       0x2c C:/ST/STM32CubeIDE_1.14.1/STM32CubeIDE/plugins/com.st.stm32cube.ide.mcu.externaltools.gnu-tools-for-stm32.11.3.rel1.win32_1.1.100.202309141235/tools/bin/../lib/gcc/arm-none-eabi/11.3.1/../../../../arm-none-eabi/lib/thumb/v7e-m+fp/hard\libc_nano.a(libc_a-callocr.o)
                0x000000000800c4a4                _calloc_r
 .text.__ascii_mbtowc
                0x000000000800c4d0       0x24 C:/ST/STM32CubeIDE_1.14.1/STM32CubeIDE/plugins/com.st.stm32cube.ide.mcu.externaltools.gnu-tools-for-stm32.11.3.rel1.win32_1.1.100.202309141235/tools/bin/../lib/gcc/arm-none-eabi/11.3.1/../../../../arm-none-eabi/lib/thumb/v7e-m+fp/hard\libc_nano.a(libc_a-mbtowc_r.o)
                0x000000000800c4d0                __ascii_mbtowc
 .text.__ascii_wctomb
                0x000000000800c4f4       0x1a C:/ST/STM32CubeIDE_1.14.1/STM32CubeIDE/plugins/com.st.stm32cube.ide.mcu.externaltools.gnu-tools-for-stm32.11.3.rel1.win32_1.1.100.202309141235/tools/bin/../lib/gcc/arm-none-eabi/11.3.1/../../../../arm-none-eabi/lib/thumb/v7e-m+fp/hard\libc_nano.a(libc_a-wctomb_r.o)
                0x000000000800c4f4                __ascii_wctomb
 *fill*         0x000000000800c50e        0x2 
 .text.fprintf  0x000000000800c510       0x24 C:/ST/STM32CubeIDE_1.14.1/STM32CubeIDE/plugins/com.st.stm32cube.ide.mcu.externaltools.gnu-tools-for-stm32.11.3.rel1.win32_1.1.100.202309141235/tools/bin/../lib/gcc/arm-none-eabi/11.3.1/../../../../arm-none-eabi/lib/thumb/v7e-m+fp/hard\libc_nano.a(libc_a-fprintf.o)
                0x000000000800c510                fiprintf
                0x000000000800c510                fprintf
 .text.abort    0x000000000800c534        0xe C:/ST/STM32CubeIDE_1.14.1/STM32CubeIDE/plugins/com.st.stm32cube.ide.mcu.externaltools.gnu-tools-for-stm32.11.3.rel1.win32_1.1.100.202309141235/tools/bin/../lib/gcc/arm-none-eabi/11.3.1/../../../../arm-none-eabi/lib/thumb/v7e-m+fp/hard\libc_nano.a(libc_a-abort.o)
                0x000000000800c534                abort
 .text.__sfputc_r
                0x000000000800c542       0x2e C:/ST/STM32CubeIDE_1.14.1/STM32CubeIDE/plugins/com.st.stm32cube.ide.mcu.externaltools.gnu-tools-for-stm32.11.3.rel1.win32_1.1.100.202309141235/tools/bin/../lib/gcc/arm-none-eabi/11.3.1/../../../../arm-none-eabi/lib/thumb/v7e-m+fp/hard\libc_nano.a(libc_a-nano-vfprintf.o)
 .text.__sfputs_r
                0x000000000800c570       0x24 C:/ST/STM32CubeIDE_1.14.1/STM32CubeIDE/plugins/com.st.stm32cube.ide.mcu.externaltools.gnu-tools-for-stm32.11.3.rel1.win32_1.1.100.202309141235/tools/bin/../lib/gcc/arm-none-eabi/11.3.1/../../../../arm-none-eabi/lib/thumb/v7e-m+fp/hard\libc_nano.a(libc_a-nano-vfprintf.o)
                0x000000000800c570                __sfputs_r
 .text._vfprintf_r
                0x000000000800c594      0x234 C:/ST/STM32CubeIDE_1.14.1/STM32CubeIDE/plugins/com.st.stm32cube.ide.mcu.externaltools.gnu-tools-for-stm32.11.3.rel1.win32_1.1.100.202309141235/tools/bin/../lib/gcc/arm-none-eabi/11.3.1/../../../../arm-none-eabi/lib/thumb/v7e-m+fp/hard\libc_nano.a(libc_a-nano-vfprintf.o)
                0x000000000800c594                _vfprintf_r
                0x000000000800c594                _vfiprintf_r
 .text.__swbuf_r
                0x000000000800c7c8       0x7a C:/ST/STM32CubeIDE_1.14.1/STM32CubeIDE/plugins/com.st.stm32cube.ide.mcu.externaltools.gnu-tools-for-stm32.11.3.rel1.win32_1.1.100.202309141235/tools/bin/../lib/gcc/arm-none-eabi/11.3.1/../../../../arm-none-eabi/lib/thumb/v7e-m+fp/hard\libc_nano.a(libc_a-wbuf.o)
                0x000000000800c7c8                __swbuf_r
 *fill*         0x000000000800c842        0x2 
 .text.__swsetup_r
                0x000000000800c844       0xb0 C:/ST/STM32CubeIDE_1.14.1/STM32CubeIDE/plugins/com.st.stm32cube.ide.mcu.externaltools.gnu-tools-for-stm32.11.3.rel1.win32_1.1.100.202309141235/tools/bin/../lib/gcc/arm-none-eabi/11.3.1/../../../../arm-none-eabi/lib/thumb/v7e-m+fp/hard\libc_nano.a(libc_a-wsetup.o)
                0x000000000800c844                __swsetup_r
 .text._raise_r
                0x000000000800c8f4       0x50 C:/ST/STM32CubeIDE_1.14.1/STM32CubeIDE/plugins/com.st.stm32cube.ide.mcu.externaltools.gnu-tools-for-stm32.11.3.rel1.win32_1.1.100.202309141235/tools/bin/../lib/gcc/arm-none-eabi/11.3.1/../../../../arm-none-eabi/lib/thumb/v7e-m+fp/hard\libc_nano.a(libc_a-signal.o)
                0x000000000800c8f4                _raise_r
 .text.raise    0x000000000800c944       0x10 C:/ST/STM32CubeIDE_1.14.1/STM32CubeIDE/plugins/com.st.stm32cube.ide.mcu.externaltools.gnu-tools-for-stm32.11.3.rel1.win32_1.1.100.202309141235/tools/bin/../lib/gcc/arm-none-eabi/11.3.1/../../../../arm-none-eabi/lib/thumb/v7e-m+fp/hard\libc_nano.a(libc_a-signal.o)
                0x000000000800c944                raise
 .text._kill_r  0x000000000800c954       0x24 C:/ST/STM32CubeIDE_1.14.1/STM32CubeIDE/plugins/com.st.stm32cube.ide.mcu.externaltools.gnu-tools-for-stm32.11.3.rel1.win32_1.1.100.202309141235/tools/bin/../lib/gcc/arm-none-eabi/11.3.1/../../../../arm-none-eabi/lib/thumb/v7e-m+fp/hard\libc_nano.a(libc_a-signalr.o)
                0x000000000800c954                _kill_r
 .text._getpid_r
                0x000000000800c978        0x4 C:/ST/STM32CubeIDE_1.14.1/STM32CubeIDE/plugins/com.st.stm32cube.ide.mcu.externaltools.gnu-tools-for-stm32.11.3.rel1.win32_1.1.100.202309141235/tools/bin/../lib/gcc/arm-none-eabi/11.3.1/../../../../arm-none-eabi/lib/thumb/v7e-m+fp/hard\libc_nano.a(libc_a-signalr.o)
                0x000000000800c978                _getpid_r
 .text.__swhatbuf_r
                0x000000000800c97c       0x4c C:/ST/STM32CubeIDE_1.14.1/STM32CubeIDE/plugins/com.st.stm32cube.ide.mcu.externaltools.gnu-tools-for-stm32.11.3.rel1.win32_1.1.100.202309141235/tools/bin/../lib/gcc/arm-none-eabi/11.3.1/../../../../arm-none-eabi/lib/thumb/v7e-m+fp/hard\libc_nano.a(libc_a-makebuf.o)
                0x000000000800c97c                __swhatbuf_r
 .text.__smakebuf_r
                0x000000000800c9c8       0x78 C:/ST/STM32CubeIDE_1.14.1/STM32CubeIDE/plugins/com.st.stm32cube.ide.mcu.externaltools.gnu-tools-for-stm32.11.3.rel1.win32_1.1.100.202309141235/tools/bin/../lib/gcc/arm-none-eabi/11.3.1/../../../../arm-none-eabi/lib/thumb/v7e-m+fp/hard\libc_nano.a(libc_a-makebuf.o)
                0x000000000800c9c8                __smakebuf_r
 .text._fstat_r
                0x000000000800ca40       0x24 C:/ST/STM32CubeIDE_1.14.1/STM32CubeIDE/plugins/com.st.stm32cube.ide.mcu.externaltools.gnu-tools-for-stm32.11.3.rel1.win32_1.1.100.202309141235/tools/bin/../lib/gcc/arm-none-eabi/11.3.1/../../../../arm-none-eabi/lib/thumb/v7e-m+fp/hard\libc_nano.a(libc_a-fstatr.o)
                0x000000000800ca40                _fstat_r
 .text._isatty_r
                0x000000000800ca64       0x20 C:/ST/STM32CubeIDE_1.14.1/STM32CubeIDE/plugins/com.st.stm32cube.ide.mcu.externaltools.gnu-tools-for-stm32.11.3.rel1.win32_1.1.100.202309141235/tools/bin/../lib/gcc/arm-none-eabi/11.3.1/../../../../arm-none-eabi/lib/thumb/v7e-m+fp/hard\libc_nano.a(libc_a-isattyr.o)
                0x000000000800ca64                _isatty_r
 .text.expf     0x000000000800ca84       0x6c C:/ST/STM32CubeIDE_1.14.1/STM32CubeIDE/plugins/com.st.stm32cube.ide.mcu.externaltools.gnu-tools-for-stm32.11.3.rel1.win32_1.1.100.202309141235/tools/bin/../lib/gcc/arm-none-eabi/11.3.1/../../../../arm-none-eabi/lib/thumb/v7e-m+fp/hard\libm.a(libm_a-wf_exp.o)
                0x000000000800ca84                expf
 .text.finitef  0x000000000800caf0       0x1a C:/ST/STM32CubeIDE_1.14.1/STM32CubeIDE/plugins/com.st.stm32cube.ide.mcu.externaltools.gnu-tools-for-stm32.11.3.rel1.win32_1.1.100.202309141235/tools/bin/../lib/gcc/arm-none-eabi/11.3.1/../../../../arm-none-eabi/lib/thumb/v7e-m+fp/hard\libm.a(libm_a-sf_finite.o)
                0x000000000800caf0                finitef
 .text.with_errnof
                0x000000000800cb0a       0x16 C:/ST/STM32CubeIDE_1.14.1/STM32CubeIDE/plugins/com.st.stm32cube.ide.mcu.externaltools.gnu-tools-for-stm32.11.3.rel1.win32_1.1.100.202309141235/tools/bin/../lib/gcc/arm-none-eabi/11.3.1/../../../../arm-none-eabi/lib/thumb/v7e-m+fp/hard\libm.a(libm_a-math_errf.o)
 .text.xflowf   0x000000000800cb20       0x16 C:/ST/STM32CubeIDE_1.14.1/STM32CubeIDE/plugins/com.st.stm32cube.ide.mcu.externaltools.gnu-tools-for-stm32.11.3.rel1.win32_1.1.100.202309141235/tools/bin/../lib/gcc/arm-none-eabi/11.3.1/../../../../arm-none-eabi/lib/thumb/v7e-m+fp/hard\libm.a(libm_a-math_errf.o)
 *fill*         0x000000000800cb36        0x2 
 .text.__math_uflowf
                0x000000000800cb38        0xc C:/ST/STM32CubeIDE_1.14.1/STM32CubeIDE/plugins/com.st.stm32cube.ide.mcu.externaltools.gnu-tools-for-stm32.11.3.rel1.win32_1.1.100.202309141235/tools/bin/../lib/gcc/arm-none-eabi/11.3.1/../../../../arm-none-eabi/lib/thumb/v7e-m+fp/hard\libm.a(libm_a-math_errf.o)
                0x000000000800cb38                __math_uflowf
 .text.__math_oflowf
                0x000000000800cb44        0xc C:/ST/STM32CubeIDE_1.14.1/STM32CubeIDE/plugins/com.st.stm32cube.ide.mcu.externaltools.gnu-tools-for-stm32.11.3.rel1.win32_1.1.100.202309141235/tools/bin/../lib/gcc/arm-none-eabi/11.3.1/../../../../arm-none-eabi/lib/thumb/v7e-m+fp/hard\libm.a(libm_a-math_errf.o)
                0x000000000800cb44                __math_oflowf
 .text.__ieee754_expf
                0x000000000800cb50      0x19c C:/ST/STM32CubeIDE_1.14.1/STM32CubeIDE/plugins/com.st.stm32cube.ide.mcu.externaltools.gnu-tools-for-stm32.11.3.rel1.win32_1.1.100.202309141235/tools/bin/../lib/gcc/arm-none-eabi/11.3.1/../../../../arm-none-eabi/lib/thumb/v7e-m+fp/hard\libm.a(libm_a-ef_exp.o)
                0x000000000800cb50                __ieee754_expf
 *(.glue_7)
 .glue_7        0x000000000800ccec        0x0 linker stubs
 *(.glue_7t)
 .glue_7t       0x000000000800ccec        0x0 linker stubs
 *(.eh_frame)
 .eh_frame      0x000000000800ccec        0x0 C:/ST/STM32CubeIDE_1.14.1/STM32CubeIDE/plugins/com.st.stm32cube.ide.mcu.externaltools.gnu-tools-for-stm32.11.3.rel1.win32_1.1.100.202309141235/tools/bin/../lib/gcc/arm-none-eabi/11.3.1/thumb/v7e-m+fp/hard/crtbegin.o
 *(.init)
 .init          0x000000000800ccec        0x4 C:/ST/STM32CubeIDE_1.14.1/STM32CubeIDE/plugins/com.st.stm32cube.ide.mcu.externaltools.gnu-tools-for-stm32.11.3.rel1.win32_1.1.100.202309141235/tools/bin/../lib/gcc/arm-none-eabi/11.3.1/thumb/v7e-m+fp/hard/crti.o
                0x000000000800ccec                _init
 .init          0x000000000800ccf0        0x8 C:/ST/STM32CubeIDE_1.14.1/STM32CubeIDE/plugins/com.st.stm32cube.ide.mcu.externaltools.gnu-tools-for-stm32.11.3.rel1.win32_1.1.100.202309141235/tools/bin/../lib/gcc/arm-none-eabi/11.3.1/thumb/v7e-m+fp/hard/crtn.o
 *(.fini)
 .fini          0x000000000800ccf8        0x4 C:/ST/STM32CubeIDE_1.14.1/STM32CubeIDE/plugins/com.st.stm32cube.ide.mcu.externaltools.gnu-tools-for-stm32.11.3.rel1.win32_1.1.100.202309141235/tools/bin/../lib/gcc/arm-none-eabi/11.3.1/thumb/v7e-m+fp/hard/crti.o
                0x000000000800ccf8                _fini
 .fini          0x000000000800ccfc        0x8 C:/ST/STM32CubeIDE_1.14.1/STM32CubeIDE/plugins/com.st.stm32cube.ide.mcu.externaltools.gnu-tools-for-stm32.11.3.rel1.win32_1.1.100.202309141235/tools/bin/../lib/gcc/arm-none-eabi/11.3.1/thumb/v7e-m+fp/hard/crtn.o
                0x000000000800cd04                . = ALIGN (0x4)
                0x000000000800cd04                _etext = .

.vfp11_veneer   0x000000000800cd04        0x0
 .vfp11_veneer  0x000000000800cd04        0x0 linker stubs

.v4_bx          0x000000000800cd04        0x0
 .v4_bx         0x000000000800cd04        0x0 linker stubs

.iplt           0x000000000800cd04        0x0
 .iplt          0x000000000800cd04        0x0 C:/ST/STM32CubeIDE_1.14.1/STM32CubeIDE/plugins/com.st.stm32cube.ide.mcu.externaltools.gnu-tools-for-stm32.11.3.rel1.win32_1.1.100.202309141235/tools/bin/../lib/gcc/arm-none-eabi/11.3.1/thumb/v7e-m+fp/hard/crtbegin.o

.rodata         0x000000000800cd20     0xbc34
                0x000000000800cd20                . = ALIGN (0x4)
 *(.rodata)
 .rodata        0x000000000800cd20      0x274 ./X-CUBE-AI/App/aiTestHelper.o
 .rodata        0x000000000800cf94      0x1ee ./X-CUBE-AI/App/aiTestUtility.o
 .rodata        0x000000000800d182      0x2f6 ./X-CUBE-AI/App/aiValidation.o
 .rodata        0x000000000800d478       0x10 ./X-CUBE-AI/App/network_data.o
 .rodata        0x000000000800d488       0x10 ../Middlewares/ST/AI/Lib\NetworkRuntime810_CM4_GCC.a(ai_platform_interface.o)
 *(.rodata*)
 .rodata.AHBPrescTable
                0x000000000800d498       0x10 ./Core/Src/system_stm32l4xx.o
                0x000000000800d498                AHBPrescTable
 .rodata.APBPrescTable
                0x000000000800d4a8        0x8 ./Core/Src/system_stm32l4xx.o
                0x000000000800d4a8                APBPrescTable
 .rodata.MSIRangeTable
                0x000000000800d4b0       0x30 ./Core/Src/system_stm32l4xx.o
                0x000000000800d4b0                MSIRangeTable
 .rodata.CSWTCH.53
                0x000000000800d4e0        0x3 ./Drivers/STM32L4xx_HAL_Driver/Src/stm32l4xx_hal_uart.o
 .rodata.CSWTCH.54